Archive member included to satisfy reference by file (symbol)

c:/programdata/matlab/supportpackages/r2023b/3p.instrset/gnuarm-armcortex.instrset/win/bin/../lib/gcc/arm-none-eabi/11.3.1/thumb/v7e-m+fp/hard\libm.a(libm_a-w_fmod.o)
                              xcp_ext_common.o (fmod)
c:/programdata/matlab/supportpackages/r2023b/3p.instrset/gnuarm-armcortex.instrset/win/bin/../lib/gcc/arm-none-eabi/11.3.1/thumb/v7e-m+fp/hard\libm.a(libm_a-e_fmod.o)
                              c:/programdata/matlab/supportpackages/r2023b/3p.instrset/gnuarm-armcortex.instrset/win/bin/../lib/gcc/arm-none-eabi/11.3.1/thumb/v7e-m+fp/hard\libm.a(libm_a-w_fmod.o) (__ieee754_fmod)
c:/programdata/matlab/supportpackages/r2023b/3p.instrset/gnuarm-armcortex.instrset/win/bin/../lib/gcc/arm-none-eabi/11.3.1/thumb/v7e-m+fp/hard\libgcc.a(_arm_muldf3.o)
                              expo_proj.o (__aeabi_dmul)
c:/programdata/matlab/supportpackages/r2023b/3p.instrset/gnuarm-armcortex.instrset/win/bin/../lib/gcc/arm-none-eabi/11.3.1/thumb/v7e-m+fp/hard\libgcc.a(_arm_addsubdf3.o)
                              expo_proj.o (__aeabi_dsub)
c:/programdata/matlab/supportpackages/r2023b/3p.instrset/gnuarm-armcortex.instrset/win/bin/../lib/gcc/arm-none-eabi/11.3.1/thumb/v7e-m+fp/hard\libgcc.a(_arm_muldivdf3.o)
                              xcp_ext_common.o (__aeabi_ddiv)
c:/programdata/matlab/supportpackages/r2023b/3p.instrset/gnuarm-armcortex.instrset/win/bin/../lib/gcc/arm-none-eabi/11.3.1/thumb/v7e-m+fp/hard\libgcc.a(_arm_cmpdf2.o)
                              xcp_ext_mode.o (__aeabi_dcmpeq)
c:/programdata/matlab/supportpackages/r2023b/3p.instrset/gnuarm-armcortex.instrset/win/bin/../lib/gcc/arm-none-eabi/11.3.1/thumb/v7e-m+fp/hard\libgcc.a(_arm_unorddf2.o)
                              c:/programdata/matlab/supportpackages/r2023b/3p.instrset/gnuarm-armcortex.instrset/win/bin/../lib/gcc/arm-none-eabi/11.3.1/thumb/v7e-m+fp/hard\libm.a(libm_a-w_fmod.o) (__aeabi_dcmpun)
c:/programdata/matlab/supportpackages/r2023b/3p.instrset/gnuarm-armcortex.instrset/win/bin/../lib/gcc/arm-none-eabi/11.3.1/thumb/v7e-m+fp/hard\libgcc.a(_arm_fixunsdfsi.o)
                              xcp_ext_common.o (__aeabi_d2uiz)
c:/programdata/matlab/supportpackages/r2023b/3p.instrset/gnuarm-armcortex.instrset/win/bin/../lib/gcc/arm-none-eabi/11.3.1/thumb/v7e-m+fp/hard\libgcc.a(_aeabi_uldivmod.o)
                              stm32f7xx_hal_rcc.o (__aeabi_uldivmod)
c:/programdata/matlab/supportpackages/r2023b/3p.instrset/gnuarm-armcortex.instrset/win/bin/../lib/gcc/arm-none-eabi/11.3.1/thumb/v7e-m+fp/hard\libgcc.a(_udivmoddi4.o)
                              c:/programdata/matlab/supportpackages/r2023b/3p.instrset/gnuarm-armcortex.instrset/win/bin/../lib/gcc/arm-none-eabi/11.3.1/thumb/v7e-m+fp/hard\libgcc.a(_aeabi_uldivmod.o) (__udivmoddi4)
c:/programdata/matlab/supportpackages/r2023b/3p.instrset/gnuarm-armcortex.instrset/win/bin/../lib/gcc/arm-none-eabi/11.3.1/thumb/v7e-m+fp/hard\libgcc.a(_dvmd_tls.o)
                              c:/programdata/matlab/supportpackages/r2023b/3p.instrset/gnuarm-armcortex.instrset/win/bin/../lib/gcc/arm-none-eabi/11.3.1/thumb/v7e-m+fp/hard\libgcc.a(_aeabi_uldivmod.o) (__aeabi_ldiv0)
c:/programdata/matlab/supportpackages/r2023b/3p.instrset/gnuarm-armcortex.instrset/win/bin/../lib/gcc/arm-none-eabi/11.3.1/thumb/v7e-m+fp/hard\libg.a(libc_a-exit.o)
                              c:/programdata/matlab/supportpackages/r2023b/3p.instrset/gnuarm-armcortex.instrset/win/bin/../lib/gcc/arm-none-eabi/11.3.1/thumb/v7e-m+fp/hard/crt0.o (exit)
c:/programdata/matlab/supportpackages/r2023b/3p.instrset/gnuarm-armcortex.instrset/win/bin/../lib/gcc/arm-none-eabi/11.3.1/thumb/v7e-m+fp/hard\libg.a(libc_a-findfp.o)
                              c:/programdata/matlab/supportpackages/r2023b/3p.instrset/gnuarm-armcortex.instrset/win/bin/../lib/gcc/arm-none-eabi/11.3.1/thumb/v7e-m+fp/hard\libg.a(libc_a-exit.o) (__stdio_exit_handler)
c:/programdata/matlab/supportpackages/r2023b/3p.instrset/gnuarm-armcortex.instrset/win/bin/../lib/gcc/arm-none-eabi/11.3.1/thumb/v7e-m+fp/hard\libg.a(libc_a-fwalk.o)
                              c:/programdata/matlab/supportpackages/r2023b/3p.instrset/gnuarm-armcortex.instrset/win/bin/../lib/gcc/arm-none-eabi/11.3.1/thumb/v7e-m+fp/hard\libg.a(libc_a-findfp.o) (_fwalk_sglue)
c:/programdata/matlab/supportpackages/r2023b/3p.instrset/gnuarm-armcortex.instrset/win/bin/../lib/gcc/arm-none-eabi/11.3.1/thumb/v7e-m+fp/hard\libg.a(libc_a-stdio.o)
                              c:/programdata/matlab/supportpackages/r2023b/3p.instrset/gnuarm-armcortex.instrset/win/bin/../lib/gcc/arm-none-eabi/11.3.1/thumb/v7e-m+fp/hard\libg.a(libc_a-findfp.o) (__sread)
c:/programdata/matlab/supportpackages/r2023b/3p.instrset/gnuarm-armcortex.instrset/win/bin/../lib/gcc/arm-none-eabi/11.3.1/thumb/v7e-m+fp/hard\libg.a(libc_a-memset.o)
[...]
Memory Configuration

Name             Origin             Length             Attributes
RAM              0x20000000         0x00050000         xrw
FLASH            0x08000000         0x00100000         xr
*default*        0x00000000         0xffffffff

Linker script and memory map

LOAD c:/programdata/matlab/supportpackages/r2023b/3p.instrset/gnuarm-armcortex.instrset/win/bin/../lib/gcc/arm-none-eabi/11.3.1/thumb/v7e-m+fp/hard/crti.o
LOAD c:/programdata/matlab/supportpackages/r2023b/3p.instrset/gnuarm-armcortex.instrset/win/bin/../lib/gcc/arm-none-eabi/11.3.1/thumb/v7e-m+fp/hard/crtbegin.o
LOAD c:/programdata/matlab/supportpackages/r2023b/3p.instrset/gnuarm-armcortex.instrset/win/bin/../lib/gcc/arm-none-eabi/11.3.1/thumb/v7e-m+fp/hard/crt0.o
LOAD stm_timer_ll.o
LOAD xcp_ext_mode.o
LOAD ert_main.o
LOAD expo_proj.o
LOAD expo_proj_data.o
LOAD xcp_ext_common.o
LOAD xcp_ext_classic_trigger.o
LOAD xcp.o
LOAD xcp_standard.o
LOAD xcp_daq.o
LOAD xcp_calibration.o
LOAD xcp_fifo.o
LOAD xcp_transport.o
LOAD xcp_mem_default.o
LOAD xcp_drv_rtiostream.o
LOAD xcp_utils.o
LOAD xcp_frame_serial.o
LOAD xcp_ext_param_default_serial.o
LOAD overrideHALDelay.o
LOAD platform_timer.o
LOAD SysTickScheduler.o
LOAD m3m4m4f_multitasking.o
LOAD rtiostream_serial.o
LOAD stm_usart.o
LOAD sys_arch.o
LOAD main.o
LOAD stm32f7xx_it.o
LOAD stm32f7xx_hal_msp.o
LOAD stm32f7xx_hal_timebase_tim.o
LOAD stm32f7xx_ll_gpio.o
LOAD stm32f7xx_ll_dma.o
LOAD stm32f7xx_hal_tim.o
LOAD stm32f7xx_hal_tim_ex.o
LOAD stm32f7xx_ll_tim.o
LOAD stm32f7xx_ll_rcc.o
LOAD stm32f7xx_ll_utils.o
LOAD stm32f7xx_ll_exti.o
LOAD stm32f7xx_hal_rcc.o
LOAD stm32f7xx_hal_rcc_ex.o
LOAD stm32f7xx_hal_flash.o
LOAD stm32f7xx_hal_flash_ex.o
LOAD stm32f7xx_hal_gpio.o
LOAD stm32f7xx_hal_dma.o
LOAD stm32f7xx_hal_dma_ex.o
LOAD stm32f7xx_hal_pwr.o
LOAD stm32f7xx_hal_pwr_ex.o
LOAD stm32f7xx_hal_cortex.o
LOAD stm32f7xx_hal.o
LOAD stm32f7xx_hal_i2c.o
LOAD stm32f7xx_hal_i2c_ex.o
LOAD stm32f7xx_hal_exti.o
LOAD stm32f7xx_ll_usart.o
LOAD stm32f7xx_hal_pcd.o
LOAD stm32f7xx_hal_pcd_ex.o
LOAD stm32f7xx_ll_usb.o
LOAD system_stm32f7xx.o
LOAD syscalls.o
LOAD sysmem.o
LOAD startup_stm32f746zgtx.o
LOAD C:/ProgramData/MATLAB/SupportPackages/R2023b/3P.instrset/cmsis_dsp.instrset/Lib/GCC/arm_cortexm7ldfsp_math/libCMSISDSP.a
LOAD C:/ProgramData/MATLAB/SupportPackages/R2023b/toolbox/shared/supportpackages/stm32/lib/GCC/libmw_pdmfilter_m7_spfp.lib
LOAD c:/programdata/matlab/supportpackages/r2023b/3p.instrset/gnuarm-armcortex.instrset/win/bin/../lib/gcc/arm-none-eabi/11.3.1/thumb/v7e-m+fp/hard\libstdc++.a
LOAD c:/programdata/matlab/supportpackages/r2023b/3p.instrset/gnuarm-armcortex.instrset/win/bin/../lib/gcc/arm-none-eabi/11.3.1/thumb/v7e-m+fp/hard\libm.a
START GROUP
LOAD c:/programdata/matlab/supportpackages/r2023b/3p.instrset/gnuarm-armcortex.instrset/win/bin/../lib/gcc/arm-none-eabi/11.3.1/thumb/v7e-m+fp/hard\libgcc.a
LOAD c:/programdata/matlab/supportpackages/r2023b/3p.instrset/gnuarm-armcortex.instrset/win/bin/../lib/gcc/arm-none-eabi/11.3.1/thumb/v7e-m+fp/hard\libg.a
LOAD c:/programdata/matlab/supportpackages/r2023b/3p.instrset/gnuarm-armcortex.instrset/win/bin/../lib/gcc/arm-none-eabi/11.3.1/thumb/v7e-m+fp/hard\libc.a
END GROUP
START GROUP
LOAD c:/programdata/matlab/supportpackages/r2023b/3p.instrset/gnuarm-armcortex.instrset/win/bin/../lib/gcc/arm-none-eabi/11.3.1/thumb/v7e-m+fp/hard\libgcc.a
LOAD c:/programdata/matlab/supportpackages/r2023b/3p.instrset/gnuarm-armcortex.instrset/win/bin/../lib/gcc/arm-none-eabi/11.3.1/thumb/v7e-m+fp/hard\libc.a
LOAD c:/programdata/matlab/supportpackages/r2023b/3p.instrset/gnuarm-armcortex.instrset/win/bin/../lib/gcc/arm-none-eabi/11.3.1/thumb/v7e-m+fp/hard\libnosys.a
END GROUP
LOAD c:/programdata/matlab/supportpackages/r2023b/3p.instrset/gnuarm-armcortex.instrset/win/bin/../lib/gcc/arm-none-eabi/11.3.1/thumb/v7e-m+fp/hard/crtend.o
LOAD c:/programdata/matlab/supportpackages/r2023b/3p.instrset/gnuarm-armcortex.instrset/win/bin/../lib/gcc/arm-none-eabi/11.3.1/thumb/v7e-m+fp/hard/crtn.o
                0x20050000                _estack = (ORIGIN (RAM) + LENGTH (RAM))
                0x00000200                _Min_Heap_Size = 0x200
                0x00000400                _Min_Stack_Size = 0x400

.isr_vector     0x08000000      0x1c8
                0x08000000                . = ALIGN (0x4)
 *(.isr_vector)
 .isr_vector    0x08000000      0x1c8 startup_stm32f746zgtx.o
                0x08000000                g_pfnVectors
                0x080001c8                . = ALIGN (0x4)

.text           0x080001c8     0xd728
                0x080001c8                . = ALIGN (0x4)
 *(.text)
 .text          0x080001c8      0x378 c:/programdata/matlab/supportpackages/r2023b/3p.instrset/gnuarm-armcortex.instrset/win/bin/../lib/gcc/arm-none-eabi/11.3.1/thumb/v7e-m+fp/hard\libgcc.a(_arm_addsubdf3.o)
                0x080001c8                __aeabi_drsub
                0x080001d0                __aeabi_dsub
                0x080001d0                __subdf3
                0x080001d4                __aeabi_dadd
                0x080001d4                __adddf3
                0x0800044c                __floatunsidf
                0x0800044c                __aeabi_ui2d
                0x0800046c                __floatsidf
                0x0800046c                __aeabi_i2d
                0x08000490                __aeabi_f2d
                0x08000490                __extendsfdf2
                0x080004d4                __floatundidf
                0x080004d4                __aeabi_ul2d
                0x080004e4                __floatdidf
                0x080004e4                __aeabi_l2d
 .text          0x08000540      0x424 c:/programdata/matlab/supportpackages/r2023b/3p.instrset/gnuarm-armcortex.instrset/win/bin/../lib/gcc/arm-none-eabi/11.3.1/thumb/v7e-m+fp/hard\libgcc.a(_arm_muldivdf3.o)
                0x08000540                __aeabi_dmul
                0x08000540                __muldf3
                0x08000794                __divdf3
                0x08000794                __aeabi_ddiv
 .text          0x08000964      0x110 c:/programdata/matlab/supportpackages/r2023b/3p.instrset/gnuarm-armcortex.instrset/win/bin/../lib/gcc/arm-none-eabi/11.3.1/thumb/v7e-m+fp/hard\libgcc.a(_arm_cmpdf2.o)
                0x08000964                __gtdf2
                0x08000964                __gedf2
                0x0800096c                __ltdf2
                0x0800096c                __ledf2
                0x08000974                __nedf2
                0x08000974                __eqdf2
                0x08000974                __cmpdf2
                0x080009f0                __aeabi_cdrcmple
                0x08000a00                __aeabi_cdcmpeq
                0x08000a00                __aeabi_cdcmple
                0x08000a10                __aeabi_dcmpeq
                0x08000a24                __aeabi_dcmplt
                0x08000a38                __aeabi_dcmple
                0x08000a4c                __aeabi_dcmpge
                0x08000a60                __aeabi_dcmpgt
 .text          0x08000a74       0x2c c:/programdata/matlab/supportpackages/r2023b/3p.instrset/gnuarm-armcortex.instrset/win/bin/../lib/gcc/arm-none-eabi/11.3.1/thumb/v7e-m+fp/hard\libgcc.a(_arm_unorddf2.o)
                0x08000a74                __unorddf2
                0x08000a74                __aeabi_dcmpun
 .text          0x08000aa0       0x40 c:/programdata/matlab/supportpackages/r2023b/3p.instrset/gnuarm-armcortex.instrset/win/bin/../lib/gcc/arm-none-eabi/11.3.1/thumb/v7e-m+fp/hard\libgcc.a(_arm_fixunsdfsi.o)
                0x08000aa0                __aeabi_d2uiz
                0x08000aa0                __fixunsdfsi
 .text          0x08000ae0      0x134 c:/programdata/matlab/supportpackages/r2023b/3p.instrset/gnuarm-armcortex.instrset/win/bin/../lib/gcc/arm-none-eabi/11.3.1/thumb/v7e-m+fp/hard\libg.a(libc_a-memcpy.o)
                0x08000ae0                memcpy
 *(.text*)
 .text.deregister_tm_clones
                0x08000c14       0x1c c:/programdata/matlab/supportpackages/r2023b/3p.instrset/gnuarm-armcortex.instrset/win/bin/../lib/gcc/arm-none-eabi/11.3.1/thumb/v7e-m+fp/hard/crtbegin.o
 .text.register_tm_clones
                0x08000c30       0x24 c:/programdata/matlab/supportpackages/r2023b/3p.instrset/gnuarm-armcortex.instrset/win/bin/../lib/gcc/arm-none-eabi/11.3.1/thumb/v7e-m+fp/hard/crtbegin.o
 .text.__do_global_dtors_aux
                0x08000c54       0x28 c:/programdata/matlab/supportpackages/r2023b/3p.instrset/gnuarm-armcortex.instrset/win/bin/../lib/gcc/arm-none-eabi/11.3.1/thumb/v7e-m+fp/hard/crtbegin.o
 .text.frame_dummy
                0x08000c7c       0x24 c:/programdata/matlab/supportpackages/r2023b/3p.instrset/gnuarm-armcortex.instrset/win/bin/../lib/gcc/arm-none-eabi/11.3.1/thumb/v7e-m+fp/hard/crtbegin.o
 .text.LL_TIM_GetCounterMode
                0x08000ca0       0x30 stm_timer_ll.o
 .text.LL_TIM_GetCounter
                0x08000cd0       0x18 stm_timer_ll.o
 .text.LL_TIM_GetRepetitionCounter
                0x08000ce8       0x18 stm_timer_ll.o
 .text.LL_TIM_CC_EnableChannel
                0x08000d00       0x22 stm_timer_ll.o
 .text.LL_TIM_CC_DisableChannel
                0x08000d22       0x24 stm_timer_ll.o
 .text.LL_TIM_EnableAllOutputs
                0x08000d46       0x20 stm_timer_ll.o
 .text.LL_TIM_EnableIT_UPDATE
                0x08000d66       0x20 stm_timer_ll.o
 .text.LL_TIM_DisableIT_UPDATE
                0x08000d86       0x20 stm_timer_ll.o
 .text.LL_TIM_IsEnabledIT_UPDATE
                0x08000da6       0x26 stm_timer_ll.o
 .text.LL_TIM_EnableIT_CC1
                0x08000dcc       0x20 stm_timer_ll.o
 .text.LL_TIM_DisableIT_CC1
                0x08000dec       0x20 stm_timer_ll.o
 .text.LL_TIM_IsEnabledIT_CC1
                0x08000e0c       0x26 stm_timer_ll.o
 .text.LL_TIM_EnableIT_CC2
                0x08000e32       0x20 stm_timer_ll.o
 .text.LL_TIM_DisableIT_CC2
                0x08000e52       0x20 stm_timer_ll.o
 .text.LL_TIM_IsEnabledIT_CC2
                0x08000e72       0x26 stm_timer_ll.o
 .text.LL_TIM_EnableIT_CC3
                0x08000e98       0x20 stm_timer_ll.o
 .text.LL_TIM_DisableIT_CC3
                0x08000eb8       0x20 stm_timer_ll.o
 .text.LL_TIM_IsEnabledIT_CC3
                0x08000ed8       0x26 stm_timer_ll.o
 .text.LL_TIM_EnableIT_CC4
                0x08000efe       0x20 stm_timer_ll.o
 .text.LL_TIM_DisableIT_CC4
                0x08000f1e       0x20 stm_timer_ll.o
 .text.LL_TIM_IsEnabledIT_CC4
                0x08000f3e       0x26 stm_timer_ll.o
 .text.LL_TIM_EnableIT_COM
                0x08000f64       0x20 stm_timer_ll.o
 .text.LL_TIM_DisableIT_COM
                0x08000f84       0x20 stm_timer_ll.o
 .text.LL_TIM_IsEnabledIT_COM
                0x08000fa4       0x26 stm_timer_ll.o
 .text.LL_TIM_EnableIT_TRIG
                0x08000fca       0x20 stm_timer_ll.o
 .text.LL_TIM_DisableIT_TRIG
                0x08000fea       0x20 stm_timer_ll.o
 .text.LL_TIM_IsEnabledIT_TRIG
                0x0800100a       0x26 stm_timer_ll.o
 .text.LL_TIM_EnableIT_BRK
                0x08001030       0x20 stm_timer_ll.o
 .text.LL_TIM_DisableIT_BRK
                0x08001050       0x20 stm_timer_ll.o
 .text.LL_TIM_IsEnabledIT_BRK
                0x08001070       0x26 stm_timer_ll.o
 .text.enableTimerInterrupts
                0x08001096      0x134 stm_timer_ll.o
                0x08001096                enableTimerInterrupts
 .text.disableTimerInterrupts
                0x080011ca      0x134 stm_timer_ll.o
                0x080011ca                disableTimerInterrupts
 *fill*         0x080012fe        0x2 
 .text.enableTimerChannel1
                0x08001300       0x78 stm_timer_ll.o
                0x08001300                enableTimerChannel1
 .text.disableTimerChannel1
                0x08001378       0x78 stm_timer_ll.o
                0x08001378                disableTimerChannel1
 .text.enableTimerChannel2
                0x080013f0       0x78 stm_timer_ll.o
                0x080013f0                enableTimerChannel2
 .text.disableTimerChannel2
                0x08001468       0x78 stm_timer_ll.o
                0x08001468                disableTimerChannel2
 .text.Timer_Handle_Init
                0x080014e0       0xa4 stm_timer_ll.o
                0x080014e0                Timer_Handle_Init
 .text.getTimerCounterValue
                0x08001584       0x1c stm_timer_ll.o
                0x08001584                getTimerCounterValue
 .text.extmodeParseArgs
                0x080015a0       0x1e xcp_ext_mode.o
                0x080015a0                extmodeParseArgs
 *fill*         0x080015be        0x2 
 .text.extmodeInit
                0x080015c0      0x128 xcp_ext_mode.o
                0x080015c0                extmodeInit
 .text.extmodeWaitForHostRequest
                0x080016e8       0xcc xcp_ext_mode.o
                0x080016e8                extmodeWaitForHostRequest
 .text.extmodeEvent
                0x080017b4       0xfc xcp_ext_mode.o
                0x080017b4                extmodeEvent
 .text.extmodeBackgroundRun
                0x080018b0       0x20 xcp_ext_mode.o
                0x080018b0                extmodeBackgroundRun
 .text.extmodeReset
                0x080018d0       0x40 xcp_ext_mode.o
                0x080018d0                extmodeReset
 .text.extmodeStopRequested
                0x08001910       0x18 xcp_ext_mode.o
                0x08001910                extmodeStopRequested
 .text.extmodeSimulationComplete
                0x08001928       0x18 xcp_ext_mode.o
                0x08001928                extmodeSimulationComplete
 .text.rt_OneStep
                0x08001940       0x78 ert_main.o
                0x08001940                rt_OneStep
 .text.main     0x080019b8      0x188 ert_main.o
                0x080019b8                main
 .text.LL_TIM_EnableCounter
                0x08001b40       0x20 expo_proj.o
 .text.LL_TIM_DisableCounter
                0x08001b60       0x20 expo_proj.o
 .text.LL_TIM_SetUpdateSource
                0x08001b80       0x26 expo_proj.o
 .text.LL_TIM_GetUpdateSource
                0x08001ba6       0x1c expo_proj.o
 .text.LL_TIM_SetRepetitionCounter
                0x08001bc2       0x1c expo_proj.o
 .text.LL_TIM_GenerateEvent_UPDATE
                0x08001bde       0x20 expo_proj.o
 .text.LL_GPIO_SetOutputPin
                0x08001bfe       0x1c expo_proj.o
 .text.LL_GPIO_ResetOutputPin
                0x08001c1a       0x1e expo_proj.o
 .text.isSlaveTriggerModeEnabled
                0x08001c38       0x3c expo_proj.o
 .text.enableCounter
                0x08001c74       0xb8 expo_proj.o
 .text.disableCounter
                0x08001d2c       0x1a expo_proj.o
 *fill*         0x08001d46        0x2 
 .text.expo_proj_SystemCore_setup
                0x08001d48       0x94 expo_proj.o
 .text.expo_proj_step
                0x08001ddc      0x198 expo_proj.o
                0x08001ddc                expo_proj_step
 *fill*         0x08001f74        0x4 
 .text.expo_proj_initialize
                0x08001f78       0xc8 expo_proj.o
                0x08001f78                expo_proj_initialize
 .text.expo_proj_terminate
                0x08002040       0x68 expo_proj.o
                0x08002040                expo_proj_terminate
 .text.xcp_void_printf
                0x080020a8       0x12 xcp_ext_common.o
                0x080020a8                xcp_void_printf
 .text.xcpCopyTimeValue
                0x080020ba       0x26 xcp_ext_common.o
 .text.xcpExtModeUpdateTime
                0x080020e0      0x13c xcp_ext_common.o
                0x080020e0                xcpExtModeUpdateTime
 .text.xcpExtModeInit
                0x0800221c       0x9c xcp_ext_common.o
                0x0800221c                xcpExtModeInit
 .text.xcpExtModeRunBackground
                0x080022b8      0x13c xcp_ext_common.o
                0x080022b8                xcpExtModeRunBackground
 .text.xcpExtModeReset
                0x080023f4      0x128 xcp_ext_common.o
                0x080023f4                xcpExtModeReset
 .text.sampleSignalTrigger
                0x0800251c      0x1b4 xcp_ext_classic_trigger.o
 .text.updateTriggerStatus
                0x080026d0      0x2b8 xcp_ext_classic_trigger.o
 .text.xcpExtModeClassicTriggerInit
                0x08002988       0x68 xcp_ext_classic_trigger.o
                0x08002988                xcpExtModeClassicTriggerInit
 .text.xcpExtModeClassicTriggerEnabled
                0x080029f0      0x100 xcp_ext_classic_trigger.o
                0x080029f0                xcpExtModeClassicTriggerEnabled
 .text.xcpExtModeClassicTriggerReset
                0x08002af0       0xf4 xcp_ext_classic_trigger.o
                0x08002af0                xcpExtModeClassicTriggerReset
 .text.xcpExtModeClassicTriggerForceEnableStatusUpdate
                0x08002be4       0x80 xcp_ext_classic_trigger.o
                0x08002be4                xcpExtModeClassicTriggerForceEnableStatusUpdate
 .text.msgBufferRealloc
                0x08002c64       0x72 xcp.o
 *fill*         0x08002cd6        0x2 
 .text.discardInputPacketHandler
                0x08002cd8       0x3c xcp.o
 .text.unknownInputPacketHandler
                0x08002d14       0x34 xcp.o
 .text.xcpGetPacketGroupID
                0x08002d48       0x74 xcp.o
 .text.xcpGetPacketHandlers
                0x08002dbc      0x124 xcp.o
 .text.xcpStatusSet
                0x08002ee0       0x20 xcp.o
                0x08002ee0                xcpStatusSet
 .text.xcpSessionStatusGet
                0x08002f00       0x18 xcp.o
                0x08002f00                xcpSessionStatusGet
 .text.xcpSessionStatusSetMask
                0x08002f18       0x28 xcp.o
                0x08002f18                xcpSessionStatusSetMask
 .text.xcpSessionStatusClearMask
                0x08002f40       0x34 xcp.o
                0x08002f40                xcpSessionStatusClearMask
 .text.xcpResourceProtectionStatusGet
                0x08002f74       0x18 xcp.o
                0x08002f74                xcpResourceProtectionStatusGet
 .text.xcpSessionConfigurationIdGet
                0x08002f8c       0x18 xcp.o
                0x08002f8c                xcpSessionConfigurationIdGet
 .text.genericOutputPacketHandler
                0x08002fa4      0x110 xcp.o
                0x08002fa4                genericOutputPacketHandler
 .text.xcpFindPacket
                0x080030b4       0x6e xcp.o
                0x080030b4                xcpFindPacket
 *fill*         0x08003122        0x2 
 .text.xcpInit  0x08003124       0x64 xcp.o
                0x08003124                xcpInit
 .text.xcpRun   0x08003188      0x194 xcp.o
                0x08003188                xcpRun
 .text.xcpEvent
                0x0800331c       0x50 xcp.o
                0x0800331c                xcpEvent
 .text.xcpGetStatus
                0x0800336c       0x18 xcp.o
                0x0800336c                xcpGetStatus
 .text.xcpReset
                0x08003384       0x40 xcp.o
                0x08003384                xcpReset
 .text.xcpPackedModeEventsFlush
                0x080033c4       0x1e xcp.o
                0x080033c4                xcpPackedModeEventsFlush
 .text.xcpPackedModeEventReset
                0x080033e2       0x2a xcp.o
                0x080033e2                xcpPackedModeEventReset
 .text.isValidUploadSize
                0x0800340c       0x30 xcp_standard.o
 .text.xcpMemcpyFromMTA
                0x0800343c       0x38 xcp_standard.o
 .text.connectInputPacketHandler
                0x08003474       0xa4 xcp_standard.o
 .text.connectOutputPacketHandler
                0x08003518       0xd4 xcp_standard.o
 .text.disconnectInputPacketHandler
                0x080035ec       0x54 xcp_standard.o
 .text.getStatusInputPacketHandler
                0x08003640       0x28 xcp_standard.o
 .text.getStatusOutputPacketHandler
                0x08003668       0x80 xcp_standard.o
 .text.synchInputPacketHandler
                0x080036e8       0x44 xcp_standard.o
 .text.setMTAInputPacketHandler
                0x0800372c       0x78 xcp_standard.o
 .text.uploadInputPacketHandler
                0x080037a4       0x98 xcp_standard.o
 .text.uploadOutputPacketHandler
                0x0800383c       0x9c xcp_standard.o
 .text.shortUploadInputPacketHandler
                0x080038d8       0xa4 xcp_standard.o
 .text.shortUploadOutputPacketHandler
                0x0800397c       0x9c xcp_standard.o
 .text.getPacket
                0x08003a18       0x24 xcp_standard.o
 .text.xcpStandardInit
                0x08003a3c       0x18 xcp_standard.o
                0x08003a3c                xcpStandardInit
 .text.xcpStandardGetPacketLookup
                0x08003a54       0x18 xcp_standard.o
                0x08003a54                xcpStandardGetPacketLookup
 .text.xcpStandardSetPacketLookup
                0x08003a6c       0x20 xcp_standard.o
                0x08003a6c                xcpStandardSetPacketLookup
 .text.xcpStandardReset
                0x08003a8c       0x12 xcp_standard.o
                0x08003a8c                xcpStandardReset
 *fill*         0x08003a9e        0x2 
 .text.xcpStandardGetAddressFromMta
                0x08003aa0       0x18 xcp_standard.o
                0x08003aa0                xcpStandardGetAddressFromMta
 .text.xcpStandardSetMta
                0x08003ab8       0x3c xcp_standard.o
                0x08003ab8                xcpStandardSetMta
 .text.xcpStandardIncrementMta
                0x08003af4       0x28 xcp_standard.o
                0x08003af4                xcpStandardIncrementMta
 .text.xcpStandardExtendedInit
                0x08003b1c        0xe xcp_standard.o
                0x08003b1c                xcpStandardExtendedInit
 .text.xcpStandardExtendedReset
                0x08003b2a        0xe xcp_standard.o
                0x08003b2a                xcpStandardExtendedReset
 .text.xcpDaqWriteLock
                0x08003b38       0x4c xcp_daq.o
 .text.xcpDaqWriteUnlock
                0x08003b84       0x20 xcp_daq.o
 .text.xcpDaqReadLock
                0x08003ba4       0x38 xcp_daq.o
 .text.xcpDaqReadUnlock
                0x08003bdc       0x38 xcp_daq.o
 .text.isActiveDaqList
                0x08003c14       0x50 xcp_daq.o
 .text.noActiveDaqLists
                0x08003c64       0x50 xcp_daq.o
 .text.isValidDaqPtr
                0x08003cb4       0xb8 xcp_daq.o
 .text.isValidDaqEntry
                0x08003d6c       0x36 xcp_daq.o
 .text.isSupportedDaqListMode
                0x08003da2       0x26 xcp_daq.o
 .text.isValidStartStopMode
                0x08003dc8       0x32 xcp_daq.o
 .text.isValidStartStopSynchMode
                0x08003dfa       0x32 xcp_daq.o
 .text.absoluteOdtNumberIdentification
                0x08003e2c       0x10 xcp_daq.o
 .text.isDaqPackedModeEnabled
                0x08003e3c       0x6c xcp_daq.o
 .text.odtPacketSize
                0x08003ea8       0x54 xcp_daq.o
 .text.createDaqReservedPool
                0x08003efc       0x8a xcp_daq.o
 .text.destroyDaqReservedPool
                0x08003f86       0x2c xcp_daq.o
 *fill*         0x08003fb2        0x2 
 .text.setDaqPtrInputPacketHandler
                0x08003fb4       0xdc xcp_daq.o
 .text.writeDaqInputPacketHandler
                0x08004090      0x198 xcp_daq.o
 .text.setDaqListModeInputPacketHandler
                0x08004228      0x1c8 xcp_daq.o
 .text.startStopDaqListInputPacketHandler
                0x080043f0      0x3f4 xcp_daq.o
 .text.startStopDaqListOutputPacketHandler
                0x080047e4       0x5c xcp_daq.o
 .text.startStopSynchInputPacketHandler
                0x08004840      0x328 xcp_daq.o
 .text.getDaqProcessorInfoInputPacketHandler
                0x08004b68       0x28 xcp_daq.o
 .text.getDaqProcessorInfoOutputPacketHandler
                0x08004b90       0xac xcp_daq.o
 .text.getDaqResolutionInfoInputPacketHandler
                0x08004c3c       0x28 xcp_daq.o
 .text.getDaqResolutionInfoOutputPacketHandler
                0x08004c64       0xb8 xcp_daq.o
 .text.freeDaqInputPacketHandler
                0x08004d1c       0x5c xcp_daq.o
 .text.allocDaqInputPacketHandler
                0x08004d78      0x18c xcp_daq.o
 .text.allocOdtInputPacketHandler
                0x08004f04      0x1c0 xcp_daq.o
 .text.allocOdtEntryInputPacketHandler
                0x080050c4      0x270 xcp_daq.o
 .text.setDaqPackedModeInputPacketHandler
                0x08005334      0x21c xcp_daq.o
 .text.level1CommandInputPacketHandler
                0x08005550       0x64 xcp_daq.o
 .text.getPacket
                0x080055b4       0x24 xcp_daq.o
 .text.xcpDaqInit
                0x080055d8       0x38 xcp_daq.o
                0x080055d8                xcpDaqInit
 .text.xcpDaqGetPacketLookup
                0x08005610       0x18 xcp_daq.o
                0x08005610                xcpDaqGetPacketLookup
 .text.xcpDaqSetPacketLookup
                0x08005628       0x20 xcp_daq.o
                0x08005628                xcpDaqSetPacketLookup
 .text.xcpResetDaq
                0x08005648       0xa4 xcp_daq.o
 .text.daqWriteXCPDataForOdt
                0x080056ec       0x7c xcp_daq.o
 .text.odtWriteEntries
                0x08005768       0x9c xcp_daq.o
 .text.xcpProcessDaq
                0x08005804      0x208 xcp_daq.o
 .text.xcpDaqEvent
                0x08005a0c      0x108 xcp_daq.o
                0x08005a0c                xcpDaqEvent
 .text.xcpDaqEventsFlush
                0x08005b14      0x284 xcp_daq.o
                0x08005b14                xcpDaqEventsFlush
 .text.xcpDaqLock
                0x08005d98       0x1e xcp_daq.o
                0x08005d98                xcpDaqLock
 .text.xcpDaqUnlock
                0x08005db6        0xe xcp_daq.o
                0x08005db6                xcpDaqUnlock
 .text.xcpResetDaqListStatus
                0x08005dc4      0x19c xcp_daq.o
                0x08005dc4                xcpResetDaqListStatus
 .text.xcpDaqReset
                0x08005f60       0x20 xcp_daq.o
                0x08005f60                xcpDaqReset
 .text.xcpDaqExtendedInit
                0x08005f80        0xe xcp_daq.o
                0x08005f80                xcpDaqExtendedInit
 .text.xcpDaqExtendedReset
                0x08005f8e        0xe xcp_daq.o
                0x08005f8e                xcpDaqExtendedReset
 .text.isValidShortDownloadSize
                0x08005f9c       0x34 xcp_calibration.o
 .text.isValidDownloadSize
                0x08005fd0       0x3a xcp_calibration.o
 *fill*         0x0800600a        0x2 
 .text.xcpMemcpyToMTA
                0x0800600c       0x34 xcp_calibration.o
 .text.downloadInputPacketHandler
                0x08006040       0xb0 xcp_calibration.o
 .text.shortDownloadInputPacketHandler
                0x080060f0       0xb8 xcp_calibration.o
 .text.getPacket
                0x080061a8       0x24 xcp_calibration.o
 .text.xcpCalibrationInit
                0x080061cc       0x14 xcp_calibration.o
                0x080061cc                xcpCalibrationInit
 .text.xcpCalibrationGetPacketLookup
                0x080061e0       0x18 xcp_calibration.o
                0x080061e0                xcpCalibrationGetPacketLookup
 .text.xcpCalibrationSetPacketLookup
                0x080061f8       0x20 xcp_calibration.o
                0x080061f8                xcpCalibrationSetPacketLookup
 .text.xcpCalibrationReset
                0x08006218        0xe xcp_calibration.o
                0x08006218                xcpCalibrationReset
 .text.xcpFifoInit
                0x08006226       0x20 xcp_fifo.o
                0x08006226                xcpFifoInit
 .text.xcpFifoEnqueue
                0x08006246       0x2a xcp_fifo.o
                0x08006246                xcpFifoEnqueue
 .text.xcpFifoDequeue
                0x08006270       0x3e xcp_fifo.o
                0x08006270                xcpFifoDequeue
 .text.xcpFifoEnqueueHead
                0x080062ae       0x32 xcp_fifo.o
                0x080062ae                xcpFifoEnqueueHead
 .text.xcpFifoReset
                0x080062e0       0x16 xcp_fifo.o
                0x080062e0                xcpFifoReset
 *fill*         0x080062f6        0x2 
 .text.xcpTransportEmptyTxFifo
                0x080062f8       0x6c xcp_transport.o
 .text.xcpTransportEmptyRxFifo
                0x08006364       0x6c xcp_transport.o
 .text.xcpTransportInit
                0x080063d0      0x138 xcp_transport.o
                0x080063d0                xcpTransportInit
 .text.xcpTransportTxReady
                0x08006508       0x1a xcp_transport.o
                0x08006508                xcpTransportTxReady
 .text.xcpTransportTxTrigger
                0x08006522       0x1a xcp_transport.o
                0x08006522                xcpTransportTxTrigger
 .text.xcpTransportTxPacketSet
                0x0800653c      0x144 xcp_transport.o
                0x0800653c                xcpTransportTxPacketSet
 .text.xcpTransportTx
                0x08006680       0xec xcp_transport.o
                0x08006680                xcpTransportTx
 .text.xcpTransportRx
                0x0800676c       0x80 xcp_transport.o
                0x0800676c                xcpTransportRx
 .text.xcpTransportRxPacketGet
                0x080067ec      0x12c xcp_transport.o
                0x080067ec                xcpTransportRxPacketGet
 .text.xcpTransportPacketOffset
                0x08006918       0x20 xcp_transport.o
                0x08006918                xcpTransportPacketOffset
 .text.xcpTransportMsgBufferSize
                0x08006938       0x70 xcp_transport.o
                0x08006938                xcpTransportMsgBufferSize
 .text.xcpTransportMaxDtoSize
                0x080069a8        0xe xcp_transport.o
                0x080069a8                xcpTransportMaxDtoSize
 .text.xcpTransportMaxCtoSize
                0x080069b6        0xe xcp_transport.o
                0x080069b6                xcpTransportMaxCtoSize
 .text.xcpTransportRestart
                0x080069c4       0x44 xcp_transport.o
                0x080069c4                xcpTransportRestart
 .text.xcpTransportResynch
                0x08006a08       0x40 xcp_transport.o
                0x08006a08                xcpTransportResynch
 .text.xcpTransportCtoReservedMemPoolId
                0x08006a48       0x18 xcp_transport.o
                0x08006a48                xcpTransportCtoReservedMemPoolId
 .text.xcpTransportReset
                0x08006a60       0xe4 xcp_transport.o
                0x08006a60                xcpTransportReset
 .text.xcpInitializePoolMemoryArea
                0x08006b44       0x72 xcp_mem_default.o
 *fill*         0x08006bb6        0x2 
 .text.xcpMemInit
                0x08006bb8      0x1d4 xcp_mem_default.o
                0x08006bb8                xcpMemInit
 .text.xcpMemAlloc
                0x08006d8c       0xe8 xcp_mem_default.o
                0x08006d8c                xcpMemAlloc
 .text.xcpMemFree
                0x08006e74      0x170 xcp_mem_default.o
                0x08006e74                xcpMemFree
 .text.xcpMemReservedPoolCreate
                0x08006fe4      0x224 xcp_mem_default.o
                0x08006fe4                xcpMemReservedPoolCreate
 .text.xcpMemReservedPoolDestroy
                0x08007208      0x158 xcp_mem_default.o
                0x08007208                xcpMemReservedPoolDestroy
 .text.xcpMemCustomPoolCreate
                0x08007360       0xbc xcp_mem_default.o
                0x08007360                xcpMemCustomPoolCreate
 .text.xcpMemCustomPoolDestroy
                0x0800741c       0x64 xcp_mem_default.o
                0x0800741c                xcpMemCustomPoolDestroy
 .text.xcpMemAllocFromPool
                0x08007480      0x170 xcp_mem_default.o
                0x08007480                xcpMemAllocFromPool
 .text.xcpMemReset
                0x080075f0       0x50 xcp_mem_default.o
                0x080075f0                xcpMemReset
 .text.xcpDrvOpen
                0x08007640       0x64 xcp_drv_rtiostream.o
                0x08007640                xcpDrvOpen
 .text.xcpDrvIoctl
                0x080076a4       0x4c xcp_drv_rtiostream.o
                0x080076a4                xcpDrvIoctl
 .text.xcpDrvSend
                0x080076f0      0x14c xcp_drv_rtiostream.o
                0x080076f0                xcpDrvSend
 .text.xcpDrvRecv
                0x0800783c      0x14c xcp_drv_rtiostream.o
                0x0800783c                xcpDrvRecv
 .text.xcpDrvClose
                0x08007988       0x5c xcp_drv_rtiostream.o
                0x08007988                xcpDrvClose
 .text.xcpSortArray
                0x080079e4       0xcc xcp_utils.o
                0x080079e4                xcpSortArray
 .text.xcpSxiHtons
                0x08007ab0       0x18 xcp_frame_serial.o
 .text.xcpSxiNtohs
                0x08007ac8       0x1c xcp_frame_serial.o
 .text.xcpSxiChecksum
                0x08007ae4       0x3e xcp_frame_serial.o
                0x08007ae4                xcpSxiChecksum
 *fill*         0x08007b22        0x2 
 .text.xcpFrameInit
                0x08007b24       0x70 xcp_frame_serial.o
                0x08007b24                xcpFrameInit
 .text.xcpFrameMsgSend
                0x08007b94      0x184 xcp_frame_serial.o
                0x08007b94                xcpFrameMsgSend
 .text.xcpFrameMsgRecv
                0x08007d18      0x180 xcp_frame_serial.o
                0x08007d18                xcpFrameMsgRecv
 .text.xcpFrameCreateMsg
                0x08007e98       0x94 xcp_frame_serial.o
                0x08007e98                xcpFrameCreateMsg
 .text.xcpFrameExtractPacket
                0x08007f2c      0x154 xcp_frame_serial.o
                0x08007f2c                xcpFrameExtractPacket
 .text.xcpFrameHeaderSize
                0x08008080       0x10 xcp_frame_serial.o
                0x08008080                xcpFrameHeaderSize
 .text.xcpFrameTailSize
                0x08008090       0x10 xcp_frame_serial.o
                0x08008090                xcpFrameTailSize
 .text.xcpFrameMaxDtoSize
                0x080080a0       0x12 xcp_frame_serial.o
                0x080080a0                xcpFrameMaxDtoSize
 .text.xcpFrameMaxCtoSize
                0x080080b2       0x10 xcp_frame_serial.o
                0x080080b2                xcpFrameMaxCtoSize
 *fill*         0x080080c2        0x2 
 .text.xcpFrameRestart
                0x080080c4       0x30 xcp_frame_serial.o
                0x080080c4                xcpFrameRestart
 .text.xcpFrameSetCtoReservedMemPoolId
                0x080080f4       0x20 xcp_frame_serial.o
                0x080080f4                xcpFrameSetCtoReservedMemPoolId
 .text.xcpFrameReset
                0x08008114       0x70 xcp_frame_serial.o
                0x08008114                xcpFrameReset
 .text.xcpTransportGetInitParameters
                0x08008184       0x2e xcp_ext_param_default_serial.o
                0x08008184                xcpTransportGetInitParameters
 .text.xcpGetInitParameters
                0x080081b2       0x2e xcp_ext_param_default_serial.o
                0x080081b2                xcpGetInitParameters
 .text.HAL_Delay
                0x080081e0       0x2e overrideHALDelay.o
                0x080081e0                HAL_Delay
 *fill*         0x0800820e        0x2 
 .text.PeriphCommonClock_Config
                0x08008210       0x10 platform_timer.o
                0x08008210                PeriphCommonClock_Config
 .text.getCurrentTimestampInMicros
                0x08008220       0x40 platform_timer.o
                0x08008220                getCurrentTimestampInMicros
 .text.returnTimeElapsed
                0x08008260       0x2c platform_timer.o
                0x08008260                returnTimeElapsed
 .text.timestampInit
                0x0800828c       0x28 platform_timer.o
 .text.getCurrentTimestamp
                0x080082b4       0x44 platform_timer.o
                0x080082b4                getCurrentTimestamp
 .text.__NVIC_SetPriority
                0x080082f8       0x54 SysTickScheduler.o
 .text.SysTick_Config
                0x0800834c       0x44 SysTickScheduler.o
 .text.SysTick_Isr
                0x08008390       0x48 SysTickScheduler.o
 .text.SysTick_Handler
                0x080083d8       0x20 SysTickScheduler.o
                0x080083d8                SysTick_Handler
 .text.ARMCM_SysTick_Config
                0x080083f8       0xb0 SysTickScheduler.o
                0x080083f8                ARMCM_SysTick_Config
 .text.PendSV_Handler
                0x080084a8       0x44 m3m4m4f_multitasking.o
                0x080084a8                PendSV_Handler
 .text.SVC_Handler
                0x080084ec       0x58 m3m4m4f_multitasking.o
                0x080084ec                SVC_Handler
 .text.rtIOStreamOpen
                0x08008544       0x44 rtiostream_serial.o
                0x08008544                rtIOStreamOpen
 .text.rtIOStreamSend
                0x08008588       0x38 rtiostream_serial.o
                0x08008588                rtIOStreamSend
 .text.rtIOStreamRecv
                0x080085c0       0x48 rtiostream_serial.o
                0x080085c0                rtIOStreamRecv
 .text.rtIOStreamClose
                0x08008608       0x20 rtiostream_serial.o
                0x08008608                rtIOStreamClose
 .text.__NVIC_GetPriorityGrouping
                0x08008628       0x1c stm_usart.o
 .text.__NVIC_EnableIRQ
                0x08008644       0x3c stm_usart.o
 .text.__NVIC_SetPriority
                0x08008680       0x54 stm_usart.o
 .text.NVIC_EncodePriority
                0x080086d4       0x66 stm_usart.o
 *fill*         0x0800873a        0x2 
 .text.LL_DMA_EnableStream
                0x0800873c       0x40 stm_usart.o
 .text.LL_DMA_DisableStream
                0x0800877c       0x40 stm_usart.o
 .text.LL_DMA_GetMode
                0x080087bc       0x30 stm_usart.o
 .text.LL_DMA_SetDataLength
                0x080087ec       0x4c stm_usart.o
 .text.LL_DMA_GetDataLength
                0x08008838       0x2c stm_usart.o
 .text.LL_DMA_ConfigAddresses
                0x08008864       0x78 stm_usart.o
 .text.LL_DMA_IsActiveFlag_TC1
                0x080088dc       0x28 stm_usart.o
 .text.LL_DMA_ClearFlag_TC1
                0x08008904       0x1c stm_usart.o
 .text.LL_DMA_EnableIT_TC
                0x08008920       0x40 stm_usart.o
 .text.LL_DMA_DisableIT_TC
                0x08008960       0x40 stm_usart.o
 .text.LL_DMA_IsEnabledIT_TC
                0x080089a0       0x38 stm_usart.o
 .text.LL_USART_Enable
                0x080089d8       0x20 stm_usart.o
 .text.LL_USART_Disable
                0x080089f8       0x20 stm_usart.o
 .text.LL_USART_IsEnabledAutoBaud
                0x08008a18       0x28 stm_usart.o
 .text.LL_USART_IsActiveFlag_PE
                0x08008a40       0x26 stm_usart.o
 .text.LL_USART_IsActiveFlag_FE
                0x08008a66       0x26 stm_usart.o
 .text.LL_USART_IsActiveFlag_NE
                0x08008a8c       0x26 stm_usart.o
 .text.LL_USART_IsActiveFlag_ORE
                0x08008ab2       0x26 stm_usart.o
 .text.LL_USART_IsActiveFlag_TC
                0x08008ad8       0x26 stm_usart.o
 .text.LL_USART_IsActiveFlag_TXE
                0x08008afe       0x26 stm_usart.o
 .text.LL_USART_IsActiveFlag_ABRE
                0x08008b24       0x28 stm_usart.o
 .text.LL_USART_IsActiveFlag_ABR
                0x08008b4c       0x28 stm_usart.o
 .text.LL_USART_ClearFlag_PE
                0x08008b74       0x1a stm_usart.o
 .text.LL_USART_ClearFlag_FE
                0x08008b8e       0x1a stm_usart.o
 .text.LL_USART_ClearFlag_NE
                0x08008ba8       0x1a stm_usart.o
 .text.LL_USART_ClearFlag_ORE
                0x08008bc2       0x1a stm_usart.o
 .text.LL_USART_EnableIT_RXNE
                0x08008bdc       0x42 stm_usart.o
 .text.LL_USART_EnableIT_PE
                0x08008c1e       0x42 stm_usart.o
 .text.LL_USART_EnableIT_ERROR
                0x08008c60       0x46 stm_usart.o
 .text.LL_USART_DisableIT_RXNE
                0x08008ca6       0x42 stm_usart.o
 .text.LL_USART_DisableIT_TXE
                0x08008ce8       0x42 stm_usart.o
 .text.LL_USART_DisableIT_PE
                0x08008d2a       0x42 stm_usart.o
 .text.LL_USART_DisableIT_ERROR
                0x08008d6c       0x46 stm_usart.o
 .text.LL_USART_EnableDMAReq_RX
                0x08008db2       0x46 stm_usart.o
 .text.LL_USART_DisableDMAReq_RX
                0x08008df8       0x46 stm_usart.o
 .text.LL_USART_EnableDMAReq_TX
                0x08008e3e       0x46 stm_usart.o
 .text.LL_USART_DisableDMAReq_TX
                0x08008e84       0x46 stm_usart.o
 .text.LL_USART_DMA_GetRegAddr
                0x08008eca       0x2c stm_usart.o
 .text.LL_USART_ReceiveData8
                0x08008ef6       0x1a stm_usart.o
 .text.LL_USART_TransmitData8
                0x08008f10       0x1e stm_usart.o
 .text.LL_USART_RequestAutoBaudRate
                0x08008f2e       0x20 stm_usart.o
 .text.getAvailableDataInBuffer
                0x08008f4e       0xcc stm_usart.o
                0x08008f4e                getAvailableDataInBuffer
 .text.getBytesToBeReadFromBuffer
                0x0800901a       0x6e stm_usart.o
                0x0800901a                getBytesToBeReadFromBuffer
 .text.readDataFromBuffer
                0x08009088       0xcc stm_usart.o
                0x08009088                readDataFromBuffer
 .text.UART_RXDMAInterruptHandler
                0x08009154       0xd4 stm_usart.o
                0x08009154                UART_RXDMAInterruptHandler
 .text.UART_IsActiveFlagError
                0x08009228       0xf4 stm_usart.o
                0x08009228                UART_IsActiveFlagError
 .text.USART3_IRQHandler
                0x0800931c       0x14 stm_usart.o
                0x0800931c                USART3_IRQHandler
 .text.DMA1_Stream1_IRQHandler
                0x08009330       0x20 stm_usart.o
                0x08009330                DMA1_Stream1_IRQHandler
 .text.UART_ConfigureReceiveDMA
                0x08009350       0x8a stm_usart.o
                0x08009350                UART_ConfigureReceiveDMA
 .text.UART_ConfigureTransmitDMA
                0x080093da       0x56 stm_usart.o
                0x080093da                UART_ConfigureTransmitDMA
 .text.getReadErrorStatus
                0x08009430      0x144 stm_usart.o
                0x08009430                getReadErrorStatus
 .text.MW_UART_Initialize
                0x08009574      0x184 stm_usart.o
                0x08009574                MW_UART_Initialize
 .text.MW_UART_ReceiveUsingBuffer
                0x080096f8       0x5c stm_usart.o
                0x080096f8                MW_UART_ReceiveUsingBuffer
 .text.MW_UART_TransmitUsingPolling
                0x08009754      0x184 stm_usart.o
                0x08009754                MW_UART_TransmitUsingPolling
 .text.MW_UART_DeInit
                0x080098d8       0xaa stm_usart.o
                0x080098d8                MW_UART_DeInit
 .text.sys_arch_protect
                0x08009982       0x22 sys_arch.o
                0x08009982                sys_arch_protect
 .text.sys_arch_unprotect
                0x080099a4       0x20 sys_arch.o
                0x080099a4                sys_arch_unprotect
 .text.__NVIC_GetPriorityGrouping
                0x080099c4       0x1c main.o
 .text.__NVIC_EnableIRQ
                0x080099e0       0x3c main.o
 .text.__NVIC_SetPriority
                0x08009a1c       0x54 main.o
 .text.NVIC_EncodePriority
                0x08009a70       0x66 main.o
 *fill*         0x08009ad6        0x2 
 .text.LL_DMA_SetDataTransferDirection
                0x08009ad8       0x48 main.o
 .text.LL_DMA_SetMode
                0x08009b20       0x48 main.o
 .text.LL_DMA_SetPeriphIncMode
                0x08009b68       0x48 main.o
 .text.LL_DMA_SetMemoryIncMode
                0x08009bb0       0x48 main.o
 .text.LL_DMA_SetPeriphSize
                0x08009bf8       0x48 main.o
 .text.LL_DMA_SetMemorySize
                0x08009c40       0x48 main.o
 .text.LL_DMA_SetStreamPriorityLevel
                0x08009c88       0x48 main.o
 .text.LL_DMA_SetChannelSelection
                0x08009cd0       0x48 main.o
 .text.LL_DMA_DisableFifoMode
                0x08009d18       0x40 main.o
 .text.LL_RCC_HSE_EnableBypass
                0x08009d58       0x20 main.o
 .text.LL_RCC_HSE_Enable
                0x08009d78       0x20 main.o
 .text.LL_RCC_HSE_IsReady
                0x08009d98       0x28 main.o
 .text.LL_RCC_SetSysClkSource
                0x08009dc0       0x28 main.o
 .text.LL_RCC_GetSysClkSource
                0x08009de8       0x1c main.o
 .text.LL_RCC_SetAHBPrescaler
                0x08009e04       0x28 main.o
 .text.LL_RCC_SetAPB1Prescaler
                0x08009e2c       0x28 main.o
 .text.LL_RCC_SetAPB2Prescaler
                0x08009e54       0x28 main.o
 .text.LL_RCC_SetUSARTClockSource
                0x08009e7c       0x34 main.o
 .text.LL_RCC_SetTIMPrescaler
                0x08009eb0       0x2c main.o
 .text.LL_RCC_PLL_Enable
                0x08009edc       0x20 main.o
 .text.LL_RCC_PLL_IsReady
                0x08009efc       0x28 main.o
 .text.LL_RCC_PLL_ConfigDomain_SYS
                0x08009f24       0x40 main.o
 .text.LL_RCC_PLL_ConfigDomain_48M
                0x08009f64       0x40 main.o
 .text.LL_AHB1_GRP1_EnableClock
                0x08009fa4       0x30 main.o
 .text.LL_APB1_GRP1_EnableClock
                0x08009fd4       0x30 main.o
 .text.LL_APB2_GRP1_EnableClock
                0x0800a004       0x30 main.o
 .text.LL_SYSCFG_SetEXTISource
                0x0800a034       0x6c main.o
 .text.LL_FLASH_SetLatency
                0x0800a0a0       0x28 main.o
 .text.LL_FLASH_GetLatency
                0x0800a0c8       0x1c main.o
 .text.LL_PWR_EnableOverDriveMode
                0x0800a0e4       0x20 main.o
 .text.LL_PWR_SetRegulVoltageScaling
                0x0800a104       0x28 main.o
 .text.LL_PWR_IsActiveFlag_VOS
                0x0800a12c       0x28 main.o
 .text.LL_TIM_DisableARRPreload
                0x0800a154       0x20 main.o
 .text.LL_TIM_IC_SetActiveInput
                0x0800a174       0xb4 main.o
 .text.LL_TIM_IC_SetPrescaler
                0x0800a228       0xb4 main.o
 .text.LL_TIM_IC_SetFilter
                0x0800a2dc       0xb4 main.o
 .text.LL_TIM_IC_SetPolarity
                0x0800a390       0xa0 main.o
 .text.LL_TIM_SetEncoderMode
                0x0800a430       0x2c main.o
 .text.LL_TIM_SetTriggerOutput
                0x0800a45c       0x26 main.o
 .text.LL_TIM_SetTriggerOutput2
                0x0800a482       0x26 main.o
 .text.LL_TIM_DisableMasterSlaveMode
                0x0800a4a8       0x20 main.o
 .text.LL_USART_Enable
                0x0800a4c8       0x20 main.o
 .text.LL_USART_ConfigAsyncMode
                0x0800a4e8       0x2c main.o
 .text.LL_GPIO_SetPinMode
                0x0800a514       0x7a main.o
 .text.LL_GPIO_SetPinPull
                0x0800a58e       0x7a main.o
 .text.LL_GPIO_ResetOutputPin
                0x0800a608       0x1e main.o
 *fill*         0x0800a626        0x2 
 .text.SystemClock_Config
                0x0800a628       0xbc main.o
                0x0800a628                SystemClock_Config
 .text.MX_TIM1_Init
                0x0800a6e4      0x124 main.o
                0x0800a6e4                MX_TIM1_Init
 .text.MX_USART3_UART_Init
                0x0800a808      0x130 main.o
                0x0800a808                MX_USART3_UART_Init
 .text.MX_USB_OTG_FS_PCD_Init
                0x0800a938       0x5c main.o
                0x0800a938                MX_USB_OTG_FS_PCD_Init
 .text.MX_DMA_Init
                0x0800a994       0x30 main.o
                0x0800a994                MX_DMA_Init
 .text.MX_GPIO_Init
                0x0800a9c4      0x28c main.o
                0x0800a9c4                MX_GPIO_Init
 .text.HAL_TIM_PeriodElapsedCallback
                0x0800ac50       0x24 main.o
                0x0800ac50                HAL_TIM_PeriodElapsedCallback
 .text.Error_Handler
                0x0800ac74        0xa main.o
                0x0800ac74                Error_Handler
 .text.NMI_Handler
                0x0800ac7e        0x6 stm32f7xx_it.o
                0x0800ac7e                NMI_Handler
 .text.HardFault_Handler
                0x0800ac84        0x6 stm32f7xx_it.o
                0x0800ac84                HardFault_Handler
 .text.MemManage_Handler
                0x0800ac8a        0x6 stm32f7xx_it.o
                0x0800ac8a                MemManage_Handler
 .text.BusFault_Handler
                0x0800ac90        0x6 stm32f7xx_it.o
                0x0800ac90                BusFault_Handler
 .text.UsageFault_Handler
                0x0800ac96        0x6 stm32f7xx_it.o
                0x0800ac96                UsageFault_Handler
 .text.DebugMon_Handler
                0x0800ac9c        0xe stm32f7xx_it.o
                0x0800ac9c                DebugMon_Handler
 *fill*         0x0800acaa        0x2 
 .text.TIM5_IRQHandler
                0x0800acac       0x14 stm32f7xx_it.o
                0x0800acac                TIM5_IRQHandler
 .text.LL_RCC_SetUSBClockSource
                0x0800acc0       0x2c stm32f7xx_hal_msp.o
 .text.HAL_MspInit
                0x0800acec       0x48 stm32f7xx_hal_msp.o
                0x0800acec                HAL_MspInit
 .text.HAL_PCD_MspInit
                0x0800ad34       0xbc stm32f7xx_hal_msp.o
                0x0800ad34                HAL_PCD_MspInit
 .text.HAL_InitTick
                0x0800adf0       0xf4 stm32f7xx_hal_timebase_tim.o
                0x0800adf0                HAL_InitTick
 .text.LL_GPIO_SetPinMode
                0x0800aee4       0x7a stm32f7xx_ll_gpio.o
 .text.LL_GPIO_SetPinOutputType
                0x0800af5e       0x30 stm32f7xx_ll_gpio.o
 .text.LL_GPIO_SetPinSpeed
                0x0800af8e       0x7a stm32f7xx_ll_gpio.o
 .text.LL_GPIO_SetPinPull
                0x0800b008       0x7a stm32f7xx_ll_gpio.o
 .text.LL_GPIO_SetAFPin_0_7
                0x0800b082       0x7a stm32f7xx_ll_gpio.o
 .text.LL_GPIO_SetAFPin_8_15
                0x0800b0fc       0x7e stm32f7xx_ll_gpio.o
 .text.LL_GPIO_Init
                0x0800b17a      0x104 stm32f7xx_ll_gpio.o
                0x0800b17a                LL_GPIO_Init
 .text.HAL_TIM_Base_Init
                0x0800b27e       0xae stm32f7xx_hal_tim.o
                0x0800b27e                HAL_TIM_Base_Init
 .text.HAL_TIM_Base_MspInit
                0x0800b32c       0x14 stm32f7xx_hal_tim.o
                0x0800b32c                HAL_TIM_Base_MspInit
 .text.HAL_TIM_Base_Start_IT
                0x0800b340       0xf0 stm32f7xx_hal_tim.o
                0x0800b340                HAL_TIM_Base_Start_IT
 .text.HAL_TIM_IRQHandler
                0x0800b430      0x23e stm32f7xx_hal_tim.o
                0x0800b430                HAL_TIM_IRQHandler
 .text.HAL_TIM_OC_DelayElapsedCallback
                0x0800b66e       0x14 stm32f7xx_hal_tim.o
                0x0800b66e                HAL_TIM_OC_DelayElapsedCallback
 .text.HAL_TIM_IC_CaptureCallback
                0x0800b682       0x14 stm32f7xx_hal_tim.o
                0x0800b682                HAL_TIM_IC_CaptureCallback
 .text.HAL_TIM_PWM_PulseFinishedCallback
                0x0800b696       0x14 stm32f7xx_hal_tim.o
                0x0800b696                HAL_TIM_PWM_PulseFinishedCallback
 .text.HAL_TIM_TriggerCallback
                0x0800b6aa       0x14 stm32f7xx_hal_tim.o
                0x0800b6aa                HAL_TIM_TriggerCallback
 *fill*         0x0800b6be        0x2 
 .text.TIM_Base_SetConfig
                0x0800b6c0      0x140 stm32f7xx_hal_tim.o
                0x0800b6c0                TIM_Base_SetConfig
 .text.HAL_TIMEx_CommutCallback
                0x0800b800       0x14 stm32f7xx_hal_tim_ex.o
                0x0800b800                HAL_TIMEx_CommutCallback
 .text.HAL_TIMEx_BreakCallback
                0x0800b814       0x14 stm32f7xx_hal_tim_ex.o
                0x0800b814                HAL_TIMEx_BreakCallback
 .text.HAL_TIMEx_Break2Callback
                0x0800b828       0x14 stm32f7xx_hal_tim_ex.o
                0x0800b828                HAL_TIMEx_Break2Callback
 .text.LL_TIM_SetPrescaler
                0x0800b83c       0x1c stm32f7xx_ll_tim.o
 .text.LL_TIM_SetAutoReload
                0x0800b858       0x1c stm32f7xx_ll_tim.o
 .text.LL_TIM_SetRepetitionCounter
                0x0800b874       0x1c stm32f7xx_ll_tim.o
 .text.LL_TIM_GenerateEvent_UPDATE
                0x0800b890       0x20 stm32f7xx_ll_tim.o
 .text.LL_TIM_Init
                0x0800b8b0      0x134 stm32f7xx_ll_tim.o
                0x0800b8b0                LL_TIM_Init
 .text.LL_RCC_HSI_IsReady
                0x0800b9e4       0x24 stm32f7xx_ll_rcc.o
 .text.LL_RCC_LSE_IsReady
                0x0800ba08       0x24 stm32f7xx_ll_rcc.o
 .text.LL_RCC_GetSysClkSource
                0x0800ba2c       0x1c stm32f7xx_ll_rcc.o
 .text.LL_RCC_GetAHBPrescaler
                0x0800ba48       0x1c stm32f7xx_ll_rcc.o
 .text.LL_RCC_GetAPB1Prescaler
                0x0800ba64       0x1c stm32f7xx_ll_rcc.o
 .text.LL_RCC_GetAPB2Prescaler
                0x0800ba80       0x1c stm32f7xx_ll_rcc.o
 .text.LL_RCC_GetUSARTClockSource
                0x0800ba9c       0x28 stm32f7xx_ll_rcc.o
 .text.LL_RCC_GetUARTClockSource
                0x0800bac4       0x28 stm32f7xx_ll_rcc.o
 .text.LL_RCC_PLL_GetMainSource
                0x0800baec       0x1c stm32f7xx_ll_rcc.o
 .text.LL_RCC_PLL_GetN
                0x0800bb08       0x1c stm32f7xx_ll_rcc.o
 .text.LL_RCC_PLL_GetP
                0x0800bb24       0x1c stm32f7xx_ll_rcc.o
 .text.LL_RCC_PLL_GetDivider
                0x0800bb40       0x1c stm32f7xx_ll_rcc.o
 .text.LL_RCC_GetUSARTClockFreq
                0x0800bb5c      0x20c stm32f7xx_ll_rcc.o
                0x0800bb5c                LL_RCC_GetUSARTClockFreq
 .text.LL_RCC_GetUARTClockFreq
                0x0800bd68      0x210 stm32f7xx_ll_rcc.o
                0x0800bd68                LL_RCC_GetUARTClockFreq
 .text.RCC_GetSystemClockFreq
                0x0800bf78       0x50 stm32f7xx_ll_rcc.o
                0x0800bf78                RCC_GetSystemClockFreq
 .text.RCC_GetHCLKClockFreq
                0x0800bfc8       0x2c stm32f7xx_ll_rcc.o
                0x0800bfc8                RCC_GetHCLKClockFreq
 .text.RCC_GetPCLK1ClockFreq
                0x0800bff4       0x28 stm32f7xx_ll_rcc.o
                0x0800bff4                RCC_GetPCLK1ClockFreq
 .text.RCC_GetPCLK2ClockFreq
                0x0800c01c       0x28 stm32f7xx_ll_rcc.o
                0x0800c01c                RCC_GetPCLK2ClockFreq
 .text.RCC_PLL_GetFreqDomain_SYS
                0x0800c044       0x6c stm32f7xx_ll_rcc.o
                0x0800c044                RCC_PLL_GetFreqDomain_SYS
 .text.LL_SetSystemCoreClock
                0x0800c0b0       0x20 stm32f7xx_ll_utils.o
                0x0800c0b0                LL_SetSystemCoreClock
 .text.LL_EXTI_EnableIT_0_31
                0x0800c0d0       0x24 stm32f7xx_ll_exti.o
 .text.LL_EXTI_DisableIT_0_31
                0x0800c0f4       0x28 stm32f7xx_ll_exti.o
 .text.LL_EXTI_EnableEvent_0_31
                0x0800c11c       0x24 stm32f7xx_ll_exti.o
 .text.LL_EXTI_DisableEvent_0_31
                0x0800c140       0x28 stm32f7xx_ll_exti.o
 .text.LL_EXTI_EnableRisingTrig_0_31
                0x0800c168       0x24 stm32f7xx_ll_exti.o
 .text.LL_EXTI_DisableRisingTrig_0_31
                0x0800c18c       0x28 stm32f7xx_ll_exti.o
 .text.LL_EXTI_EnableFallingTrig_0_31
                0x0800c1b4       0x24 stm32f7xx_ll_exti.o
 .text.LL_EXTI_DisableFallingTrig_0_31
                0x0800c1d8       0x28 stm32f7xx_ll_exti.o
 .text.LL_EXTI_Init
                0x0800c200       0xfe stm32f7xx_ll_exti.o
                0x0800c200                LL_EXTI_Init
 *fill*         0x0800c2fe        0x2 
 .text.HAL_RCC_GetHCLKFreq
                0x0800c300       0x18 stm32f7xx_hal_rcc.o
                0x0800c300                HAL_RCC_GetHCLKFreq
 .text.HAL_RCC_GetPCLK1Freq
                0x0800c318       0x28 stm32f7xx_hal_rcc.o
                0x0800c318                HAL_RCC_GetPCLK1Freq
 .text.HAL_RCC_GetClockConfig
                0x0800c340       0x64 stm32f7xx_hal_rcc.o
                0x0800c340                HAL_RCC_GetClockConfig
 .text.HAL_GPIO_Init
                0x0800c3a4      0x358 stm32f7xx_hal_gpio.o
                0x0800c3a4                HAL_GPIO_Init
 .text.__NVIC_SetPriorityGrouping
                0x0800c6fc       0x48 stm32f7xx_hal_cortex.o
 .text.__NVIC_GetPriorityGrouping
                0x0800c744       0x1c stm32f7xx_hal_cortex.o
 .text.__NVIC_EnableIRQ
                0x0800c760       0x3c stm32f7xx_hal_cortex.o
 .text.__NVIC_SetPriority
                0x0800c79c       0x54 stm32f7xx_hal_cortex.o
 .text.NVIC_EncodePriority
                0x0800c7f0       0x66 stm32f7xx_hal_cortex.o
 .text.HAL_NVIC_SetPriorityGrouping
                0x0800c856       0x16 stm32f7xx_hal_cortex.o
                0x0800c856                HAL_NVIC_SetPriorityGrouping
 .text.HAL_NVIC_SetPriority
                0x0800c86c       0x38 stm32f7xx_hal_cortex.o
                0x0800c86c                HAL_NVIC_SetPriority
 .text.HAL_NVIC_EnableIRQ
                0x0800c8a4       0x1c stm32f7xx_hal_cortex.o
                0x0800c8a4                HAL_NVIC_EnableIRQ
 .text.HAL_Init
                0x0800c8c0       0x1a stm32f7xx_hal.o
                0x0800c8c0                HAL_Init
 *fill*         0x0800c8da        0x2 
 .text.HAL_IncTick
                0x0800c8dc       0x28 stm32f7xx_hal.o
                0x0800c8dc                HAL_IncTick
 .text.HAL_GetTick
                0x0800c904       0x18 stm32f7xx_hal.o
                0x0800c904                HAL_GetTick
 .text.LL_USART_IsEnabled
                0x0800c91c       0x26 stm32f7xx_ll_usart.o
 .text.LL_USART_SetStopBitsLength
                0x0800c942       0x26 stm32f7xx_ll_usart.o
 .text.LL_USART_SetHWFlowCtrl
                0x0800c968       0x26 stm32f7xx_ll_usart.o
 .text.LL_USART_SetBaudRate
                0x0800c98e       0x6e stm32f7xx_ll_usart.o
 .text.LL_USART_Init
                0x0800c9fc      0x140 stm32f7xx_ll_usart.o
                0x0800c9fc                LL_USART_Init
 .text.HAL_PCD_Init
                0x0800cb3c      0x248 stm32f7xx_hal_pcd.o
                0x0800cb3c                HAL_PCD_Init
 .text.HAL_PCDEx_ActivateLPM
                0x0800cd84       0x48 stm32f7xx_hal_pcd_ex.o
                0x0800cd84                HAL_PCDEx_ActivateLPM
 .text.USB_CoreInit
                0x0800cdcc       0xb0 stm32f7xx_ll_usb.o
                0x0800cdcc                USB_CoreInit
 .text.USB_DisableGlobalInt
                0x0800ce7c       0x22 stm32f7xx_ll_usb.o
                0x0800ce7c                USB_DisableGlobalInt
 .text.USB_SetCurrentMode
                0x0800ce9e       0x98 stm32f7xx_ll_usb.o
                0x0800ce9e                USB_SetCurrentMode
 *fill*         0x0800cf36        0x2 
 .text.USB_DevInit
                0x0800cf38      0x2bc stm32f7xx_ll_usb.o
                0x0800cf38                USB_DevInit
 .text.USB_FlushTxFifo
                0x0800d1f4       0x64 stm32f7xx_ll_usb.o
                0x0800d1f4                USB_FlushTxFifo
 .text.USB_FlushRxFifo
                0x0800d258       0x5c stm32f7xx_ll_usb.o
                0x0800d258                USB_FlushRxFifo
 .text.USB_SetDevSpeed
                0x0800d2b4       0x32 stm32f7xx_ll_usb.o
                0x0800d2b4                USB_SetDevSpeed
 .text.USB_DevDisconnect
                0x0800d2e6       0x42 stm32f7xx_ll_usb.o
                0x0800d2e6                USB_DevDisconnect
 .text.USB_GetMode
                0x0800d328       0x1c stm32f7xx_ll_usb.o
                0x0800d328                USB_GetMode
 .text.USB_CoreReset
                0x0800d344       0x64 stm32f7xx_ll_usb.o
 .text.SystemInit
                0x0800d3a8       0x24 system_stm32f7xx.o
                0x0800d3a8                SystemInit
 .text.Reset_Handler
                0x0800d3cc       0x50 startup_stm32f746zgtx.o
                0x0800d3cc                Reset_Handler
 .text.Default_Handler
                0x0800d41c        0x2 startup_stm32f746zgtx.o
                0x0800d41c                RTC_Alarm_IRQHandler
                0x0800d41c                EXTI2_IRQHandler
                0x0800d41c                TIM8_CC_IRQHandler
                0x0800d41c                UART8_IRQHandler
                0x0800d41c                SPI4_IRQHandler
                0x0800d41c                TIM1_CC_IRQHandler
                0x0800d41c                DMA2_Stream5_IRQHandler
                0x0800d41c                DMA1_Stream5_IRQHandler
                0x0800d41c                PVD_IRQHandler
                0x0800d41c                TAMP_STAMP_IRQHandler
                0x0800d41c                CAN2_RX1_IRQHandler
                0x0800d41c                EXTI3_IRQHandler
                0x0800d41c                TIM8_TRG_COM_TIM14_IRQHandler
                0x0800d41c                TIM1_UP_TIM10_IRQHandler
                0x0800d41c                TIM8_UP_TIM13_IRQHandler
                0x0800d41c                I2C3_ER_IRQHandler
                0x0800d41c                EXTI0_IRQHandler
                0x0800d41c                I2C2_EV_IRQHandler
                0x0800d41c                DMA1_Stream2_IRQHandler
                0x0800d41c                CAN1_RX0_IRQHandler
                0x0800d41c                FPU_IRQHandler
                0x0800d41c                OTG_HS_WKUP_IRQHandler
                0x0800d41c                LTDC_ER_IRQHandler
                0x0800d41c                CAN2_SCE_IRQHandler
                0x0800d41c                DMA2_Stream2_IRQHandler
                0x0800d41c                SPI1_IRQHandler
                0x0800d41c                TIM6_DAC_IRQHandler
                0x0800d41c                TIM1_BRK_TIM9_IRQHandler
                0x0800d41c                DCMI_IRQHandler
                0x0800d41c                CAN2_RX0_IRQHandler
                0x0800d41c                DMA2_Stream3_IRQHandler
                0x0800d41c                SAI2_IRQHandler
                0x0800d41c                USART6_IRQHandler
                0x0800d41c                CAN1_RX1_IRQHandler
                0x0800d41c                UART5_IRQHandler
                0x0800d41c                DMA2_Stream0_IRQHandler
                0x0800d41c                TIM4_IRQHandler
                0x0800d41c                QUADSPI_IRQHandler
                0x0800d41c                I2C1_EV_IRQHandler
                0x0800d41c                DMA1_Stream6_IRQHandler
                0x0800d41c                UART4_IRQHandler
                0x0800d41c                TIM3_IRQHandler
                0x0800d41c                RCC_IRQHandler
                0x0800d41c                TIM8_BRK_TIM12_IRQHandler
                0x0800d41c                Default_Handler
                0x0800d41c                CEC_IRQHandler
                0x0800d41c                EXTI15_10_IRQHandler
                0x0800d41c                ADC_IRQHandler
                0x0800d41c                DMA1_Stream7_IRQHandler
                0x0800d41c                SPI5_IRQHandler
                0x0800d41c                TIM7_IRQHandler
                0x0800d41c                SDMMC1_IRQHandler
                0x0800d41c                CAN2_TX_IRQHandler
                0x0800d41c                DMA2_Stream7_IRQHandler
                0x0800d41c                I2C3_EV_IRQHandler
                0x0800d41c                EXTI9_5_IRQHandler
                0x0800d41c                RTC_WKUP_IRQHandler
                0x0800d41c                LTDC_IRQHandler
                0x0800d41c                ETH_WKUP_IRQHandler
                0x0800d41c                SPDIF_RX_IRQHandler
                0x0800d41c                SPI2_IRQHandler
                0x0800d41c                OTG_HS_EP1_IN_IRQHandler
                0x0800d41c                DMA1_Stream0_IRQHandler
                0x0800d41c                CAN1_TX_IRQHandler
                0x0800d41c                EXTI4_IRQHandler
                0x0800d41c                RNG_IRQHandler
                0x0800d41c                ETH_IRQHandler
                0x0800d41c                OTG_HS_EP1_OUT_IRQHandler
                0x0800d41c                WWDG_IRQHandler
                0x0800d41c                SPI6_IRQHandler
                0x0800d41c                I2C4_EV_IRQHandler
                0x0800d41c                TIM2_IRQHandler
                0x0800d41c                OTG_FS_WKUP_IRQHandler
                0x0800d41c                TIM1_TRG_COM_TIM11_IRQHandler
                0x0800d41c                OTG_HS_IRQHandler
                0x0800d41c                DMA2D_IRQHandler
                0x0800d41c                EXTI1_IRQHandler
                0x0800d41c                UART7_IRQHandler
                0x0800d41c                USART2_IRQHandler
                0x0800d41c                I2C2_ER_IRQHandler
                0x0800d41c                DMA2_Stream1_IRQHandler
                0x0800d41c                CAN1_SCE_IRQHandler
                0x0800d41c                FLASH_IRQHandler
                0x0800d41c                DMA2_Stream4_IRQHandler
                0x0800d41c                USART1_IRQHandler
                0x0800d41c                OTG_FS_IRQHandler
                0x0800d41c                SPI3_IRQHandler
                0x0800d41c                DMA1_Stream4_IRQHandler
                0x0800d41c                I2C1_ER_IRQHandler
                0x0800d41c                FMC_IRQHandler
                0x0800d41c                LPTIM1_IRQHandler
                0x0800d41c                I2C4_ER_IRQHandler
                0x0800d41c                DMA2_Stream6_IRQHandler
                0x0800d41c                SAI1_IRQHandler
                0x0800d41c                DMA1_Stream3_IRQHandler
 *fill*         0x0800d41e        0x2 
 .text.fmod     0x0800d420       0x6c c:/programdata/matlab/supportpackages/r2023b/3p.instrset/gnuarm-armcortex.instrset/win/bin/../lib/gcc/arm-none-eabi/11.3.1/thumb/v7e-m+fp/hard\libm.a(libm_a-w_fmod.o)
                0x0800d420                fmod
 .text.__ieee754_fmod
                0x0800d48c      0x27c c:/programdata/matlab/supportpackages/r2023b/3p.instrset/gnuarm-armcortex.instrset/win/bin/../lib/gcc/arm-none-eabi/11.3.1/thumb/v7e-m+fp/hard\libm.a(libm_a-e_fmod.o)
                0x0800d48c                __ieee754_fmod
 .text.memset   0x0800d708       0xa4 c:/programdata/matlab/supportpackages/r2023b/3p.instrset/gnuarm-armcortex.instrset/win/bin/../lib/gcc/arm-none-eabi/11.3.1/thumb/v7e-m+fp/hard\libg.a(libc_a-memset.o)
                0x0800d708                memset
 .text.__errno  0x0800d7ac        0xc c:/programdata/matlab/supportpackages/r2023b/3p.instrset/gnuarm-armcortex.instrset/win/bin/../lib/gcc/arm-none-eabi/11.3.1/thumb/v7e-m+fp/hard\libg.a(libc_a-errno.o)
                0x0800d7ac                __errno
 .text.__libc_init_array
                0x0800d7b8       0x48 c:/programdata/matlab/supportpackages/r2023b/3p.instrset/gnuarm-armcortex.instrset/win/bin/../lib/gcc/arm-none-eabi/11.3.1/thumb/v7e-m+fp/hard\libg.a(libc_a-init.o)
                0x0800d7b8                __libc_init_array
 .text.__retarget_lock_acquire_recursive
                0x0800d800        0x4 c:/programdata/matlab/supportpackages/r2023b/3p.instrset/gnuarm-armcortex.instrset/win/bin/../lib/gcc/arm-none-eabi/11.3.1/thumb/v7e-m+fp/hard\libg.a(libc_a-lock.o)
                0x0800d800                __retarget_lock_acquire_recursive
 .text.__retarget_lock_release_recursive
                0x0800d804        0x4 c:/programdata/matlab/supportpackages/r2023b/3p.instrset/gnuarm-armcortex.instrset/win/bin/../lib/gcc/arm-none-eabi/11.3.1/thumb/v7e-m+fp/hard\libg.a(libc_a-lock.o)
                0x0800d804                __retarget_lock_release_recursive
 .text.startup.register_fini
                0x0800d808       0x14 c:/programdata/matlab/supportpackages/r2023b/3p.instrset/gnuarm-armcortex.instrset/win/bin/../lib/gcc/arm-none-eabi/11.3.1/thumb/v7e-m+fp/hard\libg.a(libc_a-__call_atexit.o)
 .text.atexit   0x0800d81c        0xc c:/programdata/matlab/supportpackages/r2023b/3p.instrset/gnuarm-armcortex.instrset/win/bin/../lib/gcc/arm-none-eabi/11.3.1/thumb/v7e-m+fp/hard\libg.a(libc_a-atexit.o)
                0x0800d81c                atexit
 .text.__libc_fini_array
                0x0800d828       0x28 c:/programdata/matlab/supportpackages/r2023b/3p.instrset/gnuarm-armcortex.instrset/win/bin/../lib/gcc/arm-none-eabi/11.3.1/thumb/v7e-m+fp/hard\libg.a(libc_a-fini.o)
                0x0800d828                __libc_fini_array
 .text.__register_exitproc
                0x0800d850       0x88 c:/programdata/matlab/supportpackages/r2023b/3p.instrset/gnuarm-armcortex.instrset/win/bin/../lib/gcc/arm-none-eabi/11.3.1/thumb/v7e-m+fp/hard\libg.a(libc_a-__atexit.o)
                0x0800d850                __register_exitproc
 *(.glue_7)
 .glue_7        0x0800d8d8        0x0 linker stubs
 *(.glue_7t)
 .glue_7t       0x0800d8d8        0x0 linker stubs
 *(.eh_frame)
 .eh_frame      0x0800d8d8        0x0 c:/programdata/matlab/supportpackages/r2023b/3p.instrset/gnuarm-armcortex.instrset/win/bin/../lib/gcc/arm-none-eabi/11.3.1/thumb/v7e-m+fp/hard/crtbegin.o
 *(.init)
 .init          0x0800d8d8        0x4 c:/programdata/matlab/supportpackages/r2023b/3p.instrset/gnuarm-armcortex.instrset/win/bin/../lib/gcc/arm-none-eabi/11.3.1/thumb/v7e-m+fp/hard/crti.o
                0x0800d8d8                _init
 .init          0x0800d8dc        0x8 c:/programdata/matlab/supportpackages/r2023b/3p.instrset/gnuarm-armcortex.instrset/win/bin/../lib/gcc/arm-none-eabi/11.3.1/thumb/v7e-m+fp/hard/crtn.o
 *(.fini)
 .fini          0x0800d8e4        0x4 c:/programdata/matlab/supportpackages/r2023b/3p.instrset/gnuarm-armcortex.instrset/win/bin/../lib/gcc/arm-none-eabi/11.3.1/thumb/v7e-m+fp/hard/crti.o
                0x0800d8e4                _fini
 .fini          0x0800d8e8        0x8 c:/programdata/matlab/supportpackages/r2023b/3p.instrset/gnuarm-armcortex.instrset/win/bin/../lib/gcc/arm-none-eabi/11.3.1/thumb/v7e-m+fp/hard/crtn.o
                0x0800d8f0                . = ALIGN (0x4)
                0x0800d8f0                _etext = .

.vfp11_veneer   0x0800d8f0        0x0
 .vfp11_veneer  0x0800d8f0        0x0 linker stubs

.v4_bx          0x0800d8f0        0x0
 .v4_bx         0x0800d8f0        0x0 linker stubs

.iplt           0x0800d8f0        0x0
 .iplt          0x0800d8f0        0x0 c:/programdata/matlab/supportpackages/r2023b/3p.instrset/gnuarm-armcortex.instrset/win/bin/../lib/gcc/arm-none-eabi/11.3.1/thumb/v7e-m+fp/hard/crtbegin.o

.rodata         0x0800d8f0     0x29e8
                0x0800d8f0                . = ALIGN (0x4)
 *(.rodata)
 .rodata        0x0800d8f0      0x2b9 xcp_ext_mode.o
 *fill*         0x0800dba9        0x3 
 .rodata        0x0800dbac      0x12e xcp_ext_common.o
 *fill*         0x0800dcda        0x2 
 .rodata        0x0800dcdc       0x4c xcp_ext_classic_trigger.o
 .rodata        0x0800dd28      0x278 xcp.o
 .rodata        0x0800dfa0      0x3a9 xcp_standard.o
 *fill*         0x0800e349        0x3 
 .rodata        0x0800e34c     0x1010 xcp_daq.o
 .rodata        0x0800f35c       0xdd xcp_calibration.o
 *fill*         0x0800f439        0x3 
 .rodata        0x0800f43c      0x56e xcp_transport.o
 *fill*         0x0800f9aa        0x2 
 .rodata        0x0800f9ac       0xf5 xcp_mem_default.o
 *fill*         0x0800faa1        0x3 
 .rodata        0x0800faa4      0x228 xcp_drv_rtiostream.o
 .rodata        0x0800fccc      0x4aa xcp_frame_serial.o
 *(.rodata*)
 *fill*         0x08010176        0x2 
 .rodata.expo_proj_M
                0x08010178        0x4 expo_proj.o
                0x08010178                expo_proj_M
 .rodata.rtAlwaysEnabled.0
                0x0801017c        0x1 expo_proj.o
 *fill*         0x0801017d        0x3 
 .rodata.standardSupportedRxPacket
                0x08010180       0x54 xcp_standard.o
 .rodata.daqSupportedRxPacket
                0x080101d4       0x90 xcp_daq.o
 .rodata.calibrationSupportedRxPacket
                0x08010264       0x18 xcp_calibration.o
 .rodata.STREAM_OFFSET_TAB
                0x0801027c        0x8 stm_usart.o
 .rodata.STREAM_OFFSET_TAB
                0x08010284        0x8 main.o
 .rodata.OFFSET_TAB_CCMRx
                0x0801028c        0x9 main.o
 *fill*         0x08010295        0x3 
 .rodata.SHIFT_TAB_ICxx
                0x08010298        0x9 main.o
 *fill*         0x080102a1        0x3 
 .rodata.SHIFT_TAB_CCxP
                0x080102a4        0x9 main.o
 *fill*         0x080102ad        0x3 
 .rodata.AHBPrescTable
                0x080102b0       0x10 system_stm32f7xx.o
                0x080102b0                AHBPrescTable
 .rodata.APBPrescTable
                0x080102c0        0x8 system_stm32f7xx.o
                0x080102c0                APBPrescTable
 .rodata.Zero   0x080102c8       0x10 c:/programdata/matlab/supportpackages/r2023b/3p.instrset/gnuarm-armcortex.instrset/win/bin/../lib/gcc/arm-none-eabi/11.3.1/thumb/v7e-m+fp/hard\libm.a(libm_a-e_fmod.o)
                0x080102d8                . = ALIGN (0x4)

.ARM.extab      0x080102d8        0x0
                0x080102d8                . = ALIGN (0x4)
 *(.ARM.extab* .gnu.linkonce.armextab.*)
                0x080102d8                . = ALIGN (0x4)

.ARM            0x080102d8        0x0
                0x080102d8                . = ALIGN (0x4)
                0x080102d8                __exidx_start = .
 *(.ARM.exidx*)
                0x080102d8                __exidx_end = .
                0x080102d8                . = ALIGN (0x4)

.preinit_array  0x080102d8        0x0
                0x080102d8                . = ALIGN (0x4)
                0x080102d8                PROVIDE (__preinit_array_start = .)
 *(.preinit_array*)
                0x080102d8                PROVIDE (__preinit_array_end = .)
                0x080102d8                . = ALIGN (0x4)

.init_array     0x080102d8        0x8
                0x080102d8                . = ALIGN (0x4)
                0x080102d8                PROVIDE (__init_array_start = .)
 *(SORT_BY_NAME(.init_array.*))
 .init_array.00000
                0x080102d8        0x4 c:/programdata/matlab/supportpackages/r2023b/3p.instrset/gnuarm-armcortex.instrset/win/bin/../lib/gcc/arm-none-eabi/11.3.1/thumb/v7e-m+fp/hard\libg.a(libc_a-__call_atexit.o)
 *(.init_array*)
 .init_array    0x080102dc        0x4 c:/programdata/matlab/supportpackages/r2023b/3p.instrset/gnuarm-armcortex.instrset/win/bin/../lib/gcc/arm-none-eabi/11.3.1/thumb/v7e-m+fp/hard/crtbegin.o
                0x080102e0                PROVIDE (__init_array_end = .)
                0x080102e0                . = ALIGN (0x4)

.fini_array     0x080102e0        0x4
                0x080102e0                . = ALIGN (0x4)
                0x080102e0                PROVIDE (__fini_array_start = .)
 *(SORT_BY_NAME(.fini_array.*))
 *(.fini_array*)
 .fini_array    0x080102e0        0x4 c:/programdata/matlab/supportpackages/r2023b/3p.instrset/gnuarm-armcortex.instrset/win/bin/../lib/gcc/arm-none-eabi/11.3.1/thumb/v7e-m+fp/hard/crtbegin.o
                0x080102e4                PROVIDE (__fini_array_end = .)
                0x080102e4                . = ALIGN (0x4)
                0x080102e4                _sidata = LOADADDR (.data)

.rel.dyn        0x080102e4        0x0
 .rel.iplt      0x080102e4        0x0 c:/programdata/matlab/supportpackages/r2023b/3p.instrset/gnuarm-armcortex.instrset/win/bin/../lib/gcc/arm-none-eabi/11.3.1/thumb/v7e-m+fp/hard/crtbegin.o

.data           0x20000000      0x1e0 load address 0x080102e4
                0x20000000                . = ALIGN (0x4)
                0x20000000                _sdata = .
 *(.data)
 *(.data*)
 .data.expo_proj_P
                0x20000000       0x20 expo_proj_data.o
                0x20000000                expo_proj_P
 .data.xcpExtmodeFinalSimulationTime
                0x20000020        0x8 xcp_ext_common.o
                0x20000020                xcpExtmodeFinalSimulationTime
 .data.xcpClassicTriggerDuration
                0x20000028        0x4 xcp_ext_classic_trigger.o
                0x20000028                xcpClassicTriggerDuration
 .data.xcpClassicTriggerArmRequest
                0x2000002c        0x1 xcp_ext_classic_trigger.o
                0x2000002c                xcpClassicTriggerArmRequest
 *fill*         0x2000002d        0x3 
 .data.startStopDaqListId
                0x20000030        0x4 xcp_daq.o
 .data.xcpCurrentDaq
                0x20000034        0x4 xcp_daq.o
 .data.xcpEventCustomMemoryManager
                0x20000038        0xc xcp_daq.o
 .data.xcpCtoReservedMemPoolId
                0x20000044        0x4 xcp_transport.o
 .data.xcpMemMainBlockSizes
                0x20000048        0xc xcp_mem_default.o
 .data.xcpMemMainBlocksNumber
                0x20000054        0xc xcp_mem_default.o
 .data.drvID    0x20000060        0x4 xcp_drv_rtiostream.o
 .data.xcpCtoReservedMemPoolId
                0x20000064        0x4 xcp_frame_serial.o
 .data.uartObj  0x20000068       0x40 rtiostream_serial.o
                0x20000068                uartObj
 .data.uwTickPrio
                0x200000a8        0x4 stm32f7xx_hal.o
                0x200000a8                uwTickPrio
 .data.uwTickFreq
                0x200000ac        0x1 stm32f7xx_hal.o
                0x200000ac                uwTickFreq
 *fill*         0x200000ad        0x3 
 .data.SystemCoreClock
                0x200000b0        0x4 system_stm32f7xx.o
                0x200000b0                SystemCoreClock
 *fill*         0x200000b4        0x4 
 .data._impure_data
                0x200000b8      0x120 c:/programdata/matlab/supportpackages/r2023b/3p.instrset/gnuarm-armcortex.instrset/win/bin/../lib/gcc/arm-none-eabi/11.3.1/thumb/v7e-m+fp/hard\libg.a(libc_a-impure.o)
                0x200000b8                _impure_data
 .data._impure_ptr
                0x200001d8        0x4 c:/programdata/matlab/supportpackages/r2023b/3p.instrset/gnuarm-armcortex.instrset/win/bin/../lib/gcc/arm-none-eabi/11.3.1/thumb/v7e-m+fp/hard\libg.a(libc_a-impure.o)
                0x200001d8                _impure_ptr
 .data.__atexit_recursive_mutex
                0x200001dc        0x4 c:/programdata/matlab/supportpackages/r2023b/3p.instrset/gnuarm-armcortex.instrset/win/bin/../lib/gcc/arm-none-eabi/11.3.1/thumb/v7e-m+fp/hard\libg.a(libc_a-__call_atexit.o)
                0x200001dc                __atexit_recursive_mutex
 *(.RamFunc)
 *(.RamFunc*)
                0x200001e0                . = ALIGN (0x4)
                0x200001e0                _edata = .

.tm_clone_table
                0x200001e0        0x0 load address 0x080104c4
 .tm_clone_table
                0x200001e0        0x0 c:/programdata/matlab/supportpackages/r2023b/3p.instrset/gnuarm-armcortex.instrset/win/bin/../lib/gcc/arm-none-eabi/11.3.1/thumb/v7e-m+fp/hard/crtbegin.o
 .tm_clone_table
                0x200001e0        0x0 c:/programdata/matlab/supportpackages/r2023b/3p.instrset/gnuarm-armcortex.instrset/win/bin/../lib/gcc/arm-none-eabi/11.3.1/thumb/v7e-m+fp/hard/crtend.o

.igot.plt       0x200001e0        0x0 load address 0x080104c4
 .igot.plt      0x200001e0        0x0 c:/programdata/matlab/supportpackages/r2023b/3p.instrset/gnuarm-armcortex.instrset/win/bin/../lib/gcc/arm-none-eabi/11.3.1/thumb/v7e-m+fp/hard/crtbegin.o
                0x200001e0                . = ALIGN (0x4)

.bss            0x200001e0     0x1628 load address 0x080104c4
                0x200001e0                _sbss = .
                0x200001e0                __bss_start__ = _sbss
 *(.bss)
 *(.bss*)
 .bss.completed.1
                0x200001e0        0x1 c:/programdata/matlab/supportpackages/r2023b/3p.instrset/gnuarm-armcortex.instrset/win/bin/../lib/gcc/arm-none-eabi/11.3.1/thumb/v7e-m+fp/hard/crtbegin.o
 *fill*         0x200001e1        0x3 
 .bss.object.0  0x200001e4       0x18 c:/programdata/matlab/supportpackages/r2023b/3p.instrset/gnuarm-armcortex.instrset/win/bin/../lib/gcc/arm-none-eabi/11.3.1/thumb/v7e-m+fp/hard/crtbegin.o
 .bss.mw_tim1   0x200001fc       0x8c stm_timer_ll.o
                0x200001fc                mw_tim1
 .bss.xcpCustomTriggerFunction
                0x20000288        0x8 xcp_ext_mode.o
 .bss.IsrOverrun
                0x20000290        0x4 ert_main.o
                0x20000290                IsrOverrun
 .bss.OverrunFlag
                0x20000294        0x1 ert_main.o
 .bss.stopRequested
                0x20000295        0x1 ert_main.o
                0x20000295                stopRequested
 .bss.runModel  0x20000296        0x1 ert_main.o
                0x20000296                runModel
 *fill*         0x20000297        0x1 
 .bss.expo_proj_B
                0x20000298        0x4 expo_proj.o
                0x20000298                expo_proj_B
 .bss.expo_proj_DW
                0x2000029c       0x14 expo_proj.o
                0x2000029c                expo_proj_DW
 .bss.expo_proj_M_
                0x200002b0       0x48 expo_proj.o
 .bss.rt_ExtModeInfo.2
                0x200002f8       0x14 expo_proj.o
 .bss.systemRan.1
                0x2000030c       0x14 expo_proj.o
 .bss.xcpModelStartRequest
                0x20000320        0x1 xcp_ext_common.o
                0x20000320                xcpModelStartRequest
 .bss.xcpModelStopRequest
                0x20000321        0x1 xcp_ext_common.o
                0x20000321                xcpModelStopRequest
 .bss.xcpModelStatus
                0x20000322        0x1 xcp_ext_common.o
                0x20000322                xcpModelStatus
 *fill*         0x20000323        0x1 
 .bss.xcpModelChecksum0
                0x20000324        0x4 xcp_ext_common.o
                0x20000324                xcpModelChecksum0
 .bss.xcpModelChecksum1
                0x20000328        0x4 xcp_ext_common.o
                0x20000328                xcpModelChecksum1
 .bss.xcpModelChecksum2
                0x2000032c        0x4 xcp_ext_common.o
                0x2000032c                xcpModelChecksum2
 .bss.xcpModelChecksum3
                0x20000330        0x4 xcp_ext_common.o
                0x20000330                xcpModelChecksum3
 .bss.xcpModelIntegerCode
                0x20000334        0x4 xcp_ext_common.o
                0x20000334                xcpModelIntegerCode
 .bss.xcpExtmodeSimulationComplete
                0x20000338        0x1 xcp_ext_common.o
                0x20000338                xcpExtmodeSimulationComplete
 *fill*         0x20000339        0x7 
 .bss.xcpDummyDoubleVariable
                0x20000340        0x8 xcp_ext_common.o
                0x20000340                xcpDummyDoubleVariable
 .bss.xcpCurrentSimulationTimeInMs
                0x20000348        0x8 xcp_ext_common.o
                0x20000348                xcpCurrentSimulationTimeInMs
 .bss.xcpBaseRateSimulationTime
                0x20000350        0x8 xcp_ext_common.o
 .bss.xcpClassicTriggerEventId
                0x20000358        0x2 xcp_ext_classic_trigger.o
                0x20000358                xcpClassicTriggerEventId
 *fill*         0x2000035a        0x2 
 .bss.xcpClassicTriggerSignalAddress
                0x2000035c        0x4 xcp_ext_classic_trigger.o
                0x2000035c                xcpClassicTriggerSignalAddress
 .bss.xcpClassicTriggerSignalAddressExtension
                0x20000360        0x1 xcp_ext_classic_trigger.o
                0x20000360                xcpClassicTriggerSignalAddressExtension
 *fill*         0x20000361        0x7 
 .bss.xcpClassicTriggerLevel
                0x20000368        0x8 xcp_ext_classic_trigger.o
                0x20000368                xcpClassicTriggerLevel
 .bss.xcpClassicTriggerHoldOff
                0x20000370        0x4 xcp_ext_classic_trigger.o
                0x20000370                xcpClassicTriggerHoldOff
 .bss.xcpClassicTriggerDelay
                0x20000374        0x4 xcp_ext_classic_trigger.o
                0x20000374                xcpClassicTriggerDelay
 .bss.xcpClassicTriggerDirection
                0x20000378        0x1 xcp_ext_classic_trigger.o
                0x20000378                xcpClassicTriggerDirection
 .bss.xcpClassicTriggerCancelRequest
                0x20000379        0x1 xcp_ext_classic_trigger.o
                0x20000379                xcpClassicTriggerCancelRequest
 .bss.xcpClassicTriggerSource
                0x2000037a        0x1 xcp_ext_classic_trigger.o
                0x2000037a                xcpClassicTriggerSource
 .bss.xcpClassicTriggerMode
                0x2000037b        0x1 xcp_ext_classic_trigger.o
                0x2000037b                xcpClassicTriggerMode
 .bss.xcpClassicTriggerStatus
                0x2000037c        0x1 xcp_ext_classic_trigger.o
                0x2000037c                xcpClassicTriggerStatus
 *fill*         0x2000037d        0x3 
 .bss.xcpOldSignalValue
                0x20000380        0x8 xcp_ext_classic_trigger.o
 .bss.xcpOldSignalValueAvailable
                0x20000388        0x1 xcp_ext_classic_trigger.o
 .bss.xcpOldClassicTriggerSource
                0x20000389        0x1 xcp_ext_classic_trigger.o
 .bss.xcpTriggerEnabled
                0x2000038a        0x1 xcp_ext_classic_trigger.o
 .bss.xcpSignalTriggerFired
                0x2000038b        0x1 xcp_ext_classic_trigger.o
 .bss.xcpTriggerCount
                0x2000038c        0x4 xcp_ext_classic_trigger.o
 .bss.xcpForcedTriggerEnabled
                0x20000390        0x1 xcp_ext_classic_trigger.o
 .bss.xcpForceTriggerEnableRequest
                0x20000391        0x1 xcp_ext_classic_trigger.o
 .bss.initialized
                0x20000392        0x1 xcp.o
 .bss.xcpStatus
                0x20000393        0x1 xcp.o
 .bss.xcpSessionStatus
                0x20000394        0x1 xcp.o
 .bss.xcpResourceProtectionStatus
                0x20000395        0x1 xcp.o
 .bss.xcpSessionConfigurationId
                0x20000396        0x2 xcp.o
 .bss.groupPacketLookup
                0x20000398       0x10 xcp.o
 .bss.xcpMta    0x200003a8        0x8 xcp_standard.o
 .bss.xcpUploadSize
                0x200003b0        0x1 xcp_standard.o
 *fill*         0x200003b1        0x3 
 .bss.packetLookup
                0x200003b4        0x4 xcp_standard.o
 .bss.xcpDynamicDaqLists
                0x200003b8        0x8 xcp_daq.o
 .bss.xcpRunningEventCounter
                0x200003c0        0x4 xcp_daq.o
 .bss.daqLock   0x200003c4        0x4 xcp_daq.o
 .bss.packetLookup
                0x200003c8        0x4 xcp_daq.o
 .bss.packetLookup
                0x200003cc        0x4 xcp_calibration.o
 .bss.txFifo    0x200003d0       0x10 xcp_transport.o
 .bss.txLock    0x200003e0        0x4 xcp_transport.o
 .bss.rxFifo    0x200003e4        0x8 xcp_transport.o
 .bss.rxLock    0x200003ec        0x4 xcp_transport.o
 .bss.initialized
                0x200003f0        0x1 xcp_transport.o
 *fill*         0x200003f1        0x3 
 .bss.xcpMemPoolDescriptors
                0x200003f4       0xc0 xcp_mem_default.o
 .bss.xcpMemCustomPoolDescriptors
                0x200004b4        0x8 xcp_mem_default.o
 .bss.xcpMemMainChunk
                0x200004bc      0x3a7 xcp_mem_default.o
 *fill*         0x20000863        0x1 
 .bss.xcpMemReservedPoolsChunk
                0x20000864      0x409 xcp_mem_default.o
 *fill*         0x20000c6d        0x3 
 .bss.xcpMemReservedPoolsChunkUsedBytes
                0x20000c70        0x4 xcp_mem_default.o
 .bss.xcpMemLock
                0x20000c74        0x4 xcp_mem_default.o
 .bss.forceBlocking
                0x20000c78        0x1 xcp_drv_rtiostream.o
 *fill*         0x20000c79        0x1 
 .bss.txCounter
                0x20000c7a        0x2 xcp_frame_serial.o
 .bss.rxCounter
                0x20000c7c        0x2 xcp_frame_serial.o
 *fill*         0x20000c7e        0x2 
 .bss.firstRxCounterReceived
                0x20000c80        0x4 xcp_frame_serial.o
 .bss.initialized
                0x20000c84        0x1 xcp_frame_serial.o
 *fill*         0x20000c85        0x3 
 .bss.timestampInitialized
                0x20000c88        0x4 platform_timer.o
 .bss.timestampStartTime
                0x20000c8c        0x4 platform_timer.o
 .bss.schdl_counter
                0x20000c90        0x4 SysTickScheduler.o
                0x20000c90                schdl_counter
 .bss.schdl_counter_max
                0x20000c94        0x4 SysTickScheduler.o
                0x20000c94                schdl_counter_max
 .bss.taskToSchedule
                0x20000c98        0x4 m3m4m4f_multitasking.o
                0x20000c98                taskToSchedule
 .bss.mw_ext_h  0x20000c9c        0x4 rtiostream_serial.o
                0x20000c9c                mw_ext_h
 .bss.UARTRxBuffer
                0x20000ca0        0x4 rtiostream_serial.o
                0x20000ca0                UARTRxBuffer
 .bss.mw_usart3
                0x20000ca4       0x40 stm_usart.o
                0x20000ca4                mw_usart3
 .bss.USART3ReceiveBuffer
                0x20000ce4      0x400 stm_usart.o
                0x20000ce4                USART3ReceiveBuffer
 .bss.hpcd_USB_OTG_FS
                0x200010e4      0x404 main.o
                0x200010e4                hpcd_USB_OTG_FS
 .bss.htim5     0x200014e8       0x4c stm32f7xx_hal_timebase_tim.o
                0x200014e8                htim5
 .bss.uwTick    0x20001534        0x4 stm32f7xx_hal.o
                0x20001534                uwTick
 .bss.__sf      0x20001538      0x138 c:/programdata/matlab/supportpackages/r2023b/3p.instrset/gnuarm-armcortex.instrset/win/bin/../lib/gcc/arm-none-eabi/11.3.1/thumb/v7e-m+fp/hard\libg.a(libc_a-findfp.o)
                0x20001538                __sf
 .bss.__lock___atexit_recursive_mutex
                0x20001670        0x1 c:/programdata/matlab/supportpackages/r2023b/3p.instrset/gnuarm-armcortex.instrset/win/bin/../lib/gcc/arm-none-eabi/11.3.1/thumb/v7e-m+fp/hard\libg.a(libc_a-lock.o)
                0x20001670                __lock___atexit_recursive_mutex
 *fill*         0x20001671        0x3 
 .bss.__atexit  0x20001674        0x4 c:/programdata/matlab/supportpackages/r2023b/3p.instrset/gnuarm-armcortex.instrset/win/bin/../lib/gcc/arm-none-eabi/11.3.1/thumb/v7e-m+fp/hard\libg.a(libc_a-__call_atexit.o)
                0x20001674                __atexit
 .bss.__atexit0
                0x20001678      0x190 c:/programdata/matlab/supportpackages/r2023b/3p.instrset/gnuarm-armcortex.instrset/win/bin/../lib/gcc/arm-none-eabi/11.3.1/thumb/v7e-m+fp/hard\libg.a(libc_a-__atexit.o)
                0x20001678                __atexit0
 *(COMMON)
                0x20001808                . = ALIGN (0x4)
                0x20001808                _ebss = .
                0x20001808                __bss_end__ = _ebss

._user_heap_stack
                0x20001808      0x600 load address 0x080104c4
                0x20001808                . = ALIGN (0x8)
                [!provide]                PROVIDE (end = .)
                0x20001808                PROVIDE (_end = .)
                0x20001a08                . = (. + _Min_Heap_Size)
 *fill*         0x20001808      0x200 
                0x20001e08                . = (. + _Min_Stack_Size)
 *fill*         0x20001a08      0x400 
                0x20001e08                . = ALIGN (0x8)

/DISCARD/
 libc.a(*)
 libm.a(*)
 libgcc.a(*)

.ARM.attributes
                0x00000000       0x30
 *(.ARM.attributes)
 .ARM.attributes
                0x00000000       0x1e c:/programdata/matlab/supportpackages/r2023b/3p.instrset/gnuarm-armcortex.instrset/win/bin/../lib/gcc/arm-none-eabi/11.3.1/thumb/v7e-m+fp/hard/crti.o
 .ARM.attributes
                0x0000001e       0x34 c:/programdata/matlab/supportpackages/r2023b/3p.instrset/gnuarm-armcortex.instrset/win/bin/../lib/gcc/arm-none-eabi/11.3.1/thumb/v7e-m+fp/hard/crtbegin.o
 .ARM.attributes
                0x00000052       0x34 stm_timer_ll.o
 .ARM.attributes
                0x00000086       0x34 xcp_ext_mode.o
 .ARM.attributes
                0x000000ba       0x34 ert_main.o
 .ARM.attributes
                0x000000ee       0x34 expo_proj.o
 .ARM.attributes
                0x00000122       0x34 expo_proj_data.o
 .ARM.attributes
                0x00000156       0x34 xcp_ext_common.o
 .ARM.attributes
                0x0000018a       0x34 xcp_ext_classic_trigger.o
 .ARM.attributes
                0x000001be       0x34 xcp.o
 .ARM.attributes
                0x000001f2       0x34 xcp_standard.o
 .ARM.attributes
                0x00000226       0x34 xcp_daq.o
 .ARM.attributes
                0x0000025a       0x34 xcp_calibration.o
 .ARM.attributes
                0x0000028e       0x34 xcp_fifo.o
 .ARM.attributes
                0x000002c2       0x34 xcp_transport.o
 .ARM.attributes
                0x000002f6       0x34 xcp_mem_default.o
 .ARM.attributes
                0x0000032a       0x34 xcp_drv_rtiostream.o
 .ARM.attributes
                0x0000035e       0x34 xcp_utils.o
 .ARM.attributes
                0x00000392       0x34 xcp_frame_serial.o
 .ARM.attributes
                0x000003c6       0x34 xcp_ext_param_default_serial.o
 .ARM.attributes
                0x000003fa       0x34 overrideHALDelay.o
 .ARM.attributes
                0x0000042e       0x34 platform_timer.o
 .ARM.attributes
                0x00000462       0x34 SysTickScheduler.o
 .ARM.attributes
                0x00000496       0x34 m3m4m4f_multitasking.o
 .ARM.attributes
                0x000004ca       0x34 rtiostream_serial.o
 .ARM.attributes
                0x000004fe       0x34 stm_usart.o
 .ARM.attributes
                0x00000532       0x34 sys_arch.o
 .ARM.attributes
                0x00000566       0x34 main.o
 .ARM.attributes
                0x0000059a       0x34 stm32f7xx_it.o
 .ARM.attributes
                0x000005ce       0x34 stm32f7xx_hal_msp.o
 .ARM.attributes
                0x00000602       0x34 stm32f7xx_hal_timebase_tim.o
 .ARM.attributes
                0x00000636       0x34 stm32f7xx_ll_gpio.o
 .ARM.attributes
                0x0000066a       0x34 stm32f7xx_hal_tim.o
 .ARM.attributes
                0x0000069e       0x34 stm32f7xx_hal_tim_ex.o
 .ARM.attributes
                0x000006d2       0x34 stm32f7xx_ll_tim.o
 .ARM.attributes
                0x00000706       0x34 stm32f7xx_ll_rcc.o
 .ARM.attributes
                0x0000073a       0x34 stm32f7xx_ll_utils.o
 .ARM.attributes
                0x0000076e       0x34 stm32f7xx_ll_exti.o
 .ARM.attributes
                0x000007a2       0x34 stm32f7xx_hal_rcc.o
 .ARM.attributes
                0x000007d6       0x34 stm32f7xx_hal_gpio.o
 .ARM.attributes
                0x0000080a       0x34 stm32f7xx_hal_cortex.o
 .ARM.attributes
                0x0000083e       0x34 stm32f7xx_hal.o